<html>
<body>
<pre>
<h1>µVision Build Log</h1>
<h2>Tool Versions:</h2>
IDE-Version: µVision V5.27.1.0
Copyright (C) 2019 ARM Ltd and ARM Germany GmbH. All rights reserved.
License Information: surya vardhan, self, LIC=CZLZX-H8X5A-WFMI7-EVA16-RD7AZ-BLKWK
 
Tool Versions:
Toolchain:       MDK-ARM Plus  Version: 5.22
Toolchain Path:  C:\Keil_v5\ARM\ARMCLANG\Bin
C Compiler:      ArmClang.exe V6.6
Assembler:       Armasm.exe V6.6
Linker/Locator:  ArmLink.exe V6.6
Library Manager: ArmAr.exe V6.6
Hex Converter:   FromElf.exe V6.6
CPU DLL:         SARMCM3.DLL V5.22
Dialog DLL:      DARMCM1.DLL V1.15.0.0
Target DLL:      STLink\ST-LINKIII-KEIL_SWO.dll V2.0.18.0
Dialog DLL:      TARMCM1.DLL V1.11.0.0
 
<h2>Project:</h2>
E:\Embedded\GIT Upload Streams\Naive bayes classifier\Files\ST\NUCLEO-L053R8\Blinky\Blinky.uvprojx
Project File Date:  04/03/2021

<h2>Output:</h2>
*** Using Compiler 'V6.6', folder: 'C:\Keil_v5\ARM\ARMCLANG\Bin'
Rebuild target 'Debug'
compiling Blinky.c...
compiling stm32l0xx_it.c...
compiling main.c...
compiling Buttons_NUCLEO_L053R8.c...
compiling LED_NUCLEO_L053R8.c...
compiling BayesFunctions.c...
compiling BasicMathFunctions.c...
compiling ComplexMathFunctions.c...
compiling ControllerFunctions.c...
compiling FastMathFunctions.c...
compiling DistanceFunctions.c...
compiling MatrixFunctions.c...
compiling CommonTables.c...
compiling SVMFunctions.c...
compiling StatisticsFunctions.c...
compiling SupportFunctions.c...
assembling irq_cm0.s...
compiling rtx_delay.c...
compiling rtx_evflags.c...
compiling FilteringFunctions.c...
compiling rtx_evr.c...
compiling TransformFunctions.c...
compiling rtx_lib.c...
compiling rtx_memory.c...
compiling rtx_kernel.c...
compiling rtx_mempool.c...
compiling rtx_mutex.c...
compiling rtx_msgqueue.c...
compiling rtx_system.c...
compiling rtx_semaphore.c...
compiling os_systick.c...
compiling rtx_timer.c...
compiling rtx_thread.c...
compiling RTX_Config.c...
compiling stm32l0xx_hal.c...
compiling EventRecorder.c...
compiling stm32l0xx_hal_adc.c...
compiling stm32l0xx_hal_adc_ex.c...
compiling stm32l0xx_hal_comp_ex.c...
compiling stm32l0xx_hal_comp.c...
compiling stm32l0xx_hal_crc_ex.c...
compiling stm32l0xx_hal_crc.c...
compiling stm32l0xx_hal_cortex.c...
compiling stm32l0xx_hal_cryp.c...
compiling stm32l0xx_hal_cryp_ex.c...
compiling stm32l0xx_hal_dac.c...
compiling stm32l0xx_hal_dac_ex.c...
compiling stm32l0xx_hal_firewall.c...
compiling stm32l0xx_hal_dma.c...
compiling stm32l0xx_hal_flash_ramfunc.c...
compiling stm32l0xx_hal_flash.c...
compiling stm32l0xx_hal_flash_ex.c...
compiling stm32l0xx_hal_gpio.c...
compiling stm32l0xx_hal_i2c_ex.c...
compiling stm32l0xx_hal_i2s.c...
compiling stm32l0xx_hal_irda.c...
compiling stm32l0xx_hal_iwdg.c...
compiling stm32l0xx_hal_i2c.c...
compiling stm32l0xx_hal_lcd.c...
compiling stm32l0xx_hal_lptim.c...
compiling stm32l0xx_hal_pcd_ex.c...
compiling stm32l0xx_hal_pcd.c...
compiling stm32l0xx_hal_pwr_ex.c...
compiling stm32l0xx_hal_pwr.c...
compiling stm32l0xx_hal_rcc.c...
compiling stm32l0xx_hal_rcc_ex.c...
compiling stm32l0xx_hal_rng.c...
compiling stm32l0xx_hal_rtc.c...
compiling stm32l0xx_hal_rtc_ex.c...
compiling stm32l0xx_hal_smartcard.c...
compiling stm32l0xx_hal_smartcard_ex.c...
compiling stm32l0xx_hal_spi.c...
compiling stm32l0xx_hal_smbus.c...
compiling stm32l0xx_hal_tim.c...
compiling stm32l0xx_hal_tsc.c...
compiling stm32l0xx_hal_tim_ex.c...
compiling stm32l0xx_hal_uart.c...
compiling stm32l0xx_hal_usart.c...
compiling stm32l0xx_hal_uart_ex.c...
compiling stm32l0xx_hal_wwdg.c...
compiling stm32l0xx_ll_adc.c...
compiling stm32l0xx_ll_comp.c...
compiling stm32l0xx_ll_crc.c...
compiling stm32l0xx_ll_crs.c...
compiling stm32l0xx_ll_dac.c...
compiling stm32l0xx_ll_dma.c...
compiling stm32l0xx_ll_exti.c...
compiling stm32l0xx_ll_gpio.c...
compiling stm32l0xx_ll_i2c.c...
compiling stm32l0xx_ll_lptim.c...
compiling stm32l0xx_ll_lpuart.c...
compiling stm32l0xx_ll_pwr.c...
compiling stm32l0xx_ll_rcc.c...
compiling stm32l0xx_ll_rtc.c...
compiling stm32l0xx_ll_rng.c...
compiling stm32l0xx_ll_spi.c...
compiling stm32l0xx_ll_usart.c...
compiling stm32l0xx_ll_tim.c...
compiling stm32l0xx_ll_usb.c...
compiling stm32l0xx_ll.c...
compiling stm32l0xx_ll_utils.c...
assembling startup_stm32l053xx.s...
compiling stm32l0xx_hal_msp.c...
compiling system_stm32l0xx.c...
linking...
Program Size: Code=18700 RO-data=772 RW-data=196 ZI-data=18412  
".\Debug\Blinky.axf" - 0 Error(s), 0 Warning(s).

<h2>Software Packages used:</h2>

Package Vendor: ARM
                http://www.keil.com/pack/ARM.CMSIS.5.7.0.pack
                ARM.CMSIS.5.7.0
                CMSIS (Cortex Microcontroller Software Interface Standard)
   * Component: RTOS2 Version: 2.1.3
   * Component: CORE Version: 5.4.0
   * Component: DSP Variant: Source Version: 1.8.0
   * Component: Keil RTX5 Variant: Source Version: 5.5.2

Package Vendor: Keil
                http://www.keil.com/pack/Keil.ARM_Compiler.1.6.3.pack
                Keil.ARM_Compiler.1.6.3
                Keil ARM Compiler extensions for ARM Compiler 5 and ARM Compiler 6
   * Component: Event Recorder Variant: DAP Version: 1.4.0

Package Vendor: Keil
                project-path/Keil.FrameworkCubeMX.1.0.0.pack
                Keil.FrameworkCubeMX.1.0.0
                STM32CubeMX generated pack description
   * Component: STM32CubeMX Version: 1.1.0
   * Component: Startup Version: 1.0.0

Package Vendor: Keil
                http://www.keil.com/pack/Keil.MDK-Middleware.7.12.0.pack
                Keil.MDK-Middleware.7.12.0
                Middleware for Keil MDK-Professional and MDK-Plus
   * Component: Buttons Version: 1.0.0
   * Component: LED Version: 1.0.0

Package Vendor: Keil
                http://www.keil.com/pack/Keil.STM32L0xx_DFP.2.1.0.pack
                Keil.STM32L0xx_DFP.2.1.0
                STMicroelectronics STM32L0 Series Device Support, Drivers and Examples
   * Component: STM32Cube Framework Version: 1.0.0
   * Component: STM32Cube HAL Version: 1.10.2

Package Vendor: Keil
                http://www.keil.com/pack/Keil.STM32NUCLEO_BSP.1.7.0.pack
                Keil.STM32NUCLEO_BSP.1.7.0
                STMicroelectronics Nucleo Boards Support and Examples
   * Component: Buttons Version: 1.1.0
   * Component: LED Version: 1.1.0

<h2>Collection of Component include folders:</h2>
  .\RTE\CMSIS
  .\RTE\Compiler
  .\RTE\Device\STM32L053R8Tx
  .\RTE\Device\STM32L053R8Tx\STCubeGenerated\Inc
  .\RTE\_Debug
  C:\Keil_v5\ARM\PACK\ARM\CMSIS\5.7.0\CMSIS\Core\Include
  C:\Keil_v5\ARM\PACK\ARM\CMSIS\5.7.0\CMSIS\DSP\Include
  C:\Keil_v5\ARM\PACK\ARM\CMSIS\5.7.0\CMSIS\DSP\PrivateInclude
  C:\Keil_v5\ARM\PACK\ARM\CMSIS\5.7.0\CMSIS\RTOS2\Include
  C:\Keil_v5\ARM\PACK\ARM\CMSIS\5.7.0\CMSIS\RTOS2\RTX\Include
  C:\Keil_v5\ARM\PACK\Keil\ARM_Compiler\1.6.3\Include
  C:\Keil_v5\ARM\PACK\Keil\MDK-Middleware\7.12.0\Board
  C:\Keil_v5\ARM\PACK\Keil\STM32L0xx_DFP\2.1.0\Drivers\CMSIS\Device\ST\STM32L0xx\Include
  C:\Keil_v5\ARM\PACK\Keil\STM32L0xx_DFP\2.1.0\Drivers\STM32L0xx_HAL_Driver\Inc

<h2>Collection of Component Files used:</h2>

   * Component: ::Board Support:Buttons:1.0.0 (API)
      Include file:  Board\Board_Buttons.h

   * Component: ::Board Support:LED:1.0.0 (API)
      Include file:  Board\Board_LED.h

   * Component: ::CMSIS:RTOS2:2.1.3 (API)
      Include file:  CMSIS\RTOS2\Include\cmsis_os2.h

   * Component: ::Device:STM32Cube Framework:1.0.0 (API)

   * Component: ARM::CMSIS:CORE:5.4.0

   * Component: ARM::CMSIS:DSP:Source:1.8.0
      Include file:  CMSIS\DSP\Include\arm_math.h
      Source file:   CMSIS\DSP\Source\BasicMathFunctions\BasicMathFunctions.c
      Source file:   CMSIS\DSP\Source\BayesFunctions\BayesFunctions.c
      Source file:   CMSIS\DSP\Source\SupportFunctions\SupportFunctions.c
      Source file:   CMSIS\DSP\Source\FastMathFunctions\FastMathFunctions.c
      Source file:   CMSIS\DSP\Source\DistanceFunctions\DistanceFunctions.c
      Source file:   CMSIS\DSP\Source\ControllerFunctions\ControllerFunctions.c
      Source file:   CMSIS\DSP\Source\MatrixFunctions\MatrixFunctions.c
      Source file:   CMSIS\DSP\Source\ComplexMathFunctions\ComplexMathFunctions.c
      Source file:   CMSIS\DSP\Source\FilteringFunctions\FilteringFunctions.c
      Source file:   CMSIS\DSP\Source\TransformFunctions\TransformFunctions.c
      Source file:   CMSIS\DSP\Source\StatisticsFunctions\StatisticsFunctions.c
      Source file:   CMSIS\DSP\Source\CommonTables\CommonTables.c
      Source file:   CMSIS\DSP\Source\SVMFunctions\SVMFunctions.c

   * Component: ARM::CMSIS:RTOS2:Keil RTX5:Source:5.5.2
      Source file:   CMSIS\RTOS2\RTX\Config\RTX_Config.c
      Source file:   CMSIS\RTOS2\RTX\Source\rtx_delay.c
      Source file:   CMSIS\RTOS2\RTX\Source\rtx_evflags.c
      Source file:   CMSIS\RTOS2\RTX\Source\rtx_mutex.c
      Source file:   CMSIS\RTOS2\RTX\Source\rtx_memory.c
      Source file:   CMSIS\RTOS2\RTX\Source\rtx_mempool.c
      Source file:   CMSIS\RTOS2\RTX\Template\MemPool.c
      Source file:   CMSIS\RTOS2\RTX\Template\Thread.c
      Source file:   CMSIS\RTOS2\RTX\Source\rtx_thread.c
      Source file:   CMSIS\RTOS2\RTX\Template\Events.c
      Source file:   CMSIS\RTOS2\RTX\Source\rtx_timer.c
      Source file:   CMSIS\RTOS2\RTX\Source\rtx_kernel.c
      Source file:   CMSIS\RTOS2\RTX\Source\rtx_semaphore.c
      Source file:   CMSIS\RTOS2\RTX\Source\rtx_msgqueue.c
      Source file:   CMSIS\RTOS2\RTX\Source\rtx_system.c
      Source file:   CMSIS\RTOS2\RTX\Source\rtx_evr.c
      Include file:  CMSIS\RTOS2\RTX\Include\rtx_os.h
      Include file:  CMSIS\RTOS2\RTX\Config\RTX_Config.h
      Source file:   CMSIS\RTOS2\RTX\Template\main.c
      Source file:   CMSIS\RTOS2\RTX\Template\MsgQueue.c
      Source file:   CMSIS\RTOS2\RTX\Template\Semaphore.c
      Source file:   CMSIS\RTOS2\RTX\Template\Timer.c
      Source file:   CMSIS\RTOS2\RTX\Template\Mutex.c
      Source file:   CMSIS\RTOS2\RTX\Template\svc_user.c
      Source file:   CMSIS\RTOS2\RTX\Source\ARM\irq_cm0.s
      Source file:   CMSIS\RTOS2\RTX\Source\rtx_lib.c
      Source file:   CMSIS\RTOS2\Source\os_systick.c

   * Component: Keil.ARM Compiler::Compiler:Event Recorder:DAP:1.4.0
      Include file:  Config\EventRecorderConf.h
      Include file:  Include\EventRecorder.h
      Source file:   Source\EventRecorder.c

   * Component: Keil.NUCLEO-L053R8::Board Support:Buttons:1.1.0
      Source file:   Boards\ST\NUCLEO-L053R8\Common\Buttons_NUCLEO_L053R8.c

   * Component: Keil.NUCLEO-L053R8::Board Support:LED:1.1.0
      Source file:   Boards\ST\NUCLEO-L053R8\Common\LED_NUCLEO_L053R8.c

   * Component: Keil.STM32CubeMX::Device:STM32Cube Framework:STM32CubeMX:1.1.0
      Include file:  MX_Device.h
      Include file:  STCubeGenerated\Inc\stm32l0xx_hal_conf.h
      Source file:   STCubeGenerated\Src\stm32l0xx_hal_msp.c

   * Component: Keil.STM32CubeMX::Device:STM32Cube HAL:1.10.2
      Source file:   MDK\Driver\stm32l0xx_ll.c
      Source file:   Drivers\STM32L0xx_HAL_Driver\Src\stm32l0xx_hal_adc_ex.c
      Source file:   Drivers\STM32L0xx_HAL_Driver\Src\stm32l0xx_hal_comp_ex.c
      Source file:   Drivers\STM32L0xx_HAL_Driver\Src\stm32l0xx_hal.c
      Source file:   Drivers\STM32L0xx_HAL_Driver\Src\stm32l0xx_hal_adc.c
      Source file:   Drivers\STM32L0xx_HAL_Driver\Src\stm32l0xx_hal_comp.c
      Source file:   Drivers\STM32L0xx_HAL_Driver\Src\stm32l0xx_hal_cortex.c
      Source file:   Drivers\STM32L0xx_HAL_Driver\Src\stm32l0xx_hal_crc.c
      Source file:   Drivers\STM32L0xx_HAL_Driver\Src\stm32l0xx_hal_crc_ex.c
      Source file:   Drivers\STM32L0xx_HAL_Driver\Src\stm32l0xx_hal_cryp.c
      Source file:   Drivers\STM32L0xx_HAL_Driver\Src\stm32l0xx_hal_rtc.c
      Source file:   Drivers\STM32L0xx_HAL_Driver\Src\stm32l0xx_hal_smartcard.c
      Source file:   Drivers\STM32L0xx_HAL_Driver\Src\stm32l0xx_hal_pcd_ex.c
      Source file:   Drivers\STM32L0xx_HAL_Driver\Src\stm32l0xx_hal_rcc_ex.c
      Source file:   Drivers\STM32L0xx_HAL_Driver\Src\stm32l0xx_hal_pwr_ex.c
      Source file:   Drivers\STM32L0xx_HAL_Driver\Src\stm32l0xx_hal_rng.c
      Source file:   Drivers\STM32L0xx_HAL_Driver\Src\stm32l0xx_hal_smartcard_ex.c
      Source file:   Drivers\STM32L0xx_HAL_Driver\Src\stm32l0xx_hal_smbus.c
      Source file:   Drivers\STM32L0xx_HAL_Driver\Src\stm32l0xx_hal_lcd.c
      Source file:   Drivers\STM32L0xx_HAL_Driver\Src\stm32l0xx_hal_spi.c
      Source file:   Drivers\STM32L0xx_HAL_Driver\Src\stm32l0xx_hal_tim.c
      Source file:   Drivers\STM32L0xx_HAL_Driver\Src\stm32l0xx_hal_tim_ex.c
      Source file:   Drivers\STM32L0xx_HAL_Driver\Src\stm32l0xx_hal_tsc.c
      Source file:   Drivers\STM32L0xx_HAL_Driver\Src\stm32l0xx_hal_irda.c
      Source file:   Drivers\STM32L0xx_HAL_Driver\Src\stm32l0xx_hal_pwr.c
      Source file:   Drivers\STM32L0xx_HAL_Driver\Src\stm32l0xx_hal_flash.c
      Source file:   Drivers\STM32L0xx_HAL_Driver\Src\stm32l0xx_hal_flash_ramfunc.c
      Source file:   Drivers\STM32L0xx_HAL_Driver\Src\stm32l0xx_hal_firewall.c
      Source file:   Drivers\STM32L0xx_HAL_Driver\Src\stm32l0xx_hal_flash_ex.c
      Source file:   Drivers\STM32L0xx_HAL_Driver\Src\stm32l0xx_hal_gpio.c
      Source file:   Drivers\STM32L0xx_HAL_Driver\Src\stm32l0xx_hal_i2c.c
      Source file:   Drivers\STM32L0xx_HAL_Driver\Src\stm32l0xx_hal_i2c_ex.c
      Source file:   Drivers\STM32L0xx_HAL_Driver\Src\stm32l0xx_hal_dac.c
      Source file:   Drivers\STM32L0xx_HAL_Driver\Src\stm32l0xx_hal_cryp_ex.c
      Source file:   Drivers\STM32L0xx_HAL_Driver\Src\stm32l0xx_hal_dac_ex.c
      Source file:   Drivers\STM32L0xx_HAL_Driver\Src\stm32l0xx_hal_dma.c
      Source file:   Drivers\STM32L0xx_HAL_Driver\Src\stm32l0xx_hal_i2s.c
      Source file:   Drivers\STM32L0xx_HAL_Driver\Src\stm32l0xx_hal_iwdg.c
      Source file:   Drivers\STM32L0xx_HAL_Driver\Src\stm32l0xx_hal_lptim.c
      Source file:   Drivers\STM32L0xx_HAL_Driver\Src\stm32l0xx_hal_pcd.c
      Source file:   Drivers\STM32L0xx_HAL_Driver\Src\stm32l0xx_hal_rcc.c
      Source file:   Drivers\STM32L0xx_HAL_Driver\Src\stm32l0xx_hal_rtc_ex.c
      Source file:   Drivers\STM32L0xx_HAL_Driver\Src\stm32l0xx_ll_lptim.c
      Source file:   Drivers\STM32L0xx_HAL_Driver\Src\stm32l0xx_ll_rcc.c
      Source file:   Drivers\STM32L0xx_HAL_Driver\Src\stm32l0xx_ll_rtc.c
      Source file:   Drivers\STM32L0xx_HAL_Driver\Src\stm32l0xx_ll_tim.c
      Source file:   Drivers\STM32L0xx_HAL_Driver\Src\stm32l0xx_ll_usb.c
      Source file:   Drivers\STM32L0xx_HAL_Driver\Src\stm32l0xx_ll_pwr.c
      Source file:   Drivers\STM32L0xx_HAL_Driver\Src\stm32l0xx_hal_uart_ex.c
      Source file:   Drivers\STM32L0xx_HAL_Driver\Src\stm32l0xx_ll_rng.c
      Source file:   Drivers\STM32L0xx_HAL_Driver\Src\stm32l0xx_ll_spi.c
      Source file:   Drivers\STM32L0xx_HAL_Driver\Src\stm32l0xx_ll_crc.c
      Source file:   Drivers\STM32L0xx_HAL_Driver\Src\stm32l0xx_ll_lpuart.c
      Source file:   Drivers\STM32L0xx_HAL_Driver\Src\stm32l0xx_ll_utils.c
      Source file:   Drivers\STM32L0xx_HAL_Driver\Src\stm32l0xx_ll_usart.c
      Source file:   Drivers\STM32L0xx_HAL_Driver\Src\stm32l0xx_hal_usart.c
      Source file:   Drivers\STM32L0xx_HAL_Driver\Src\stm32l0xx_ll_adc.c
      Source file:   Drivers\STM32L0xx_HAL_Driver\Src\stm32l0xx_ll_comp.c
      Source file:   Drivers\STM32L0xx_HAL_Driver\Src\stm32l0xx_ll_crs.c
      Source file:   Drivers\STM32L0xx_HAL_Driver\Src\stm32l0xx_ll_dac.c
      Source file:   Drivers\STM32L0xx_HAL_Driver\Src\stm32l0xx_ll_exti.c
      Source file:   Drivers\STM32L0xx_HAL_Driver\Src\stm32l0xx_hal_wwdg.c
      Source file:   Drivers\STM32L0xx_HAL_Driver\Src\stm32l0xx_ll_dma.c
      Source file:   Drivers\STM32L0xx_HAL_Driver\Src\stm32l0xx_ll_gpio.c
      Source file:   Drivers\STM32L0xx_HAL_Driver\Src\stm32l0xx_hal_uart.c
      Source file:   Drivers\STM32L0xx_HAL_Driver\Src\stm32l0xx_ll_i2c.c

   * Component: Keil.STM32CubeMX::Device:Startup:1.0.0
      Source file:   STCubeGenerated\Src\system_stm32l0xx.c
      Source file:   STCubeGenerated\MDK-ARM\startup_stm32l053xx.s
Build Time Elapsed:  00:00:22
</pre>
</body>
</html>
