Component: ARM Compiler 6.6 Tool: armlink [5c77f400]

==============================================================================

Section Cross References

    blinky.o(.text.app_main) refers to eventrecorder.o(.text.EventRecorderInitialize) for EventRecorderInitialize
    blinky.o(.text.app_main) refers to eventrecorder.o(.text.EventRecorderEnable) for EventRecorderEnable
    blinky.o(.text.app_main) refers to led_nucleo_l053r8.o(.text.LED_Initialize) for LED_Initialize
    blinky.o(.text.app_main) refers to buttons_nucleo_l053r8.o(.text.Buttons_Initialize) for Buttons_Initialize
    blinky.o(.text.app_main) refers to rtx_thread.o(.text.osThreadNew) for osThreadNew
    blinky.o(.text.app_main) refers to blinky.o(.text.thrBUT) for thrBUT
    blinky.o(.text.app_main) refers to blinky.o(.bss.tid_thrBUT) for [Anonymous Symbol]
    blinky.o(.text.app_main) refers to blinky.o(.text.thrLED) for thrLED
    blinky.o(.text.app_main) refers to blinky.o(.bss.tid_thrLED) for [Anonymous Symbol]
    blinky.o(.ARM.exidx.text.app_main) refers to blinky.o(.text.app_main) for [Anonymous Symbol]
    blinky.o(.text.thrBUT) refers to buttons_nucleo_l053r8.o(.text.Buttons_GetCount) for Buttons_GetCount
    blinky.o(.text.thrBUT) refers to rtx_thread.o(.text.osThreadFlagsSet) for osThreadFlagsSet
    blinky.o(.text.thrBUT) refers to rtx_delay.o(.text.osDelay) for osDelay
    blinky.o(.text.thrBUT) refers to buttons_nucleo_l053r8.o(.text.Buttons_GetState) for Buttons_GetState
    blinky.o(.text.thrBUT) refers to blinky.o(.data.delay_val) for [Anonymous Symbol]
    blinky.o(.text.thrBUT) refers to blinky.o(.bss.tid_thrLED) for [Anonymous Symbol]
    blinky.o(.ARM.exidx.text.thrBUT) refers to blinky.o(.text.thrBUT) for [Anonymous Symbol]
    blinky.o(.text.thrLED) refers to led_nucleo_l053r8.o(.text.LED_GetCount) for LED_GetCount
    blinky.o(.text.thrLED) refers to rtx_thread.o(.text.osThreadFlagsWait) for osThreadFlagsWait
    blinky.o(.text.thrLED) refers to led_nucleo_l053r8.o(.text.LED_On) for LED_On
    blinky.o(.text.thrLED) refers to led_nucleo_l053r8.o(.text.LED_Off) for LED_Off
    blinky.o(.ARM.exidx.text.thrLED) refers to blinky.o(.text.thrLED) for [Anonymous Symbol]
    blinky.o(.rodata.app_main_attr) refers to blinky.o(.bss.app_main_stk) for app_main_stk
    stm32l0xx_it.o(.ARM.exidx.text.NMI_Handler) refers to stm32l0xx_it.o(.text.NMI_Handler) for [Anonymous Symbol]
    stm32l0xx_it.o(.ARM.exidx.text.HardFault_Handler) refers to stm32l0xx_it.o(.text.HardFault_Handler) for [Anonymous Symbol]
    main_1.o(.text.HAL_GetTick) refers to rtx_kernel.o(.text.osKernelGetState) for osKernelGetState
    main_1.o(.text.HAL_GetTick) refers to rtx_kernel.o(.text.osKernelGetTickCount) for osKernelGetTickCount
    main_1.o(.text.HAL_GetTick) refers to system_stm32l0xx.o(.data.SystemCoreClock) for SystemCoreClock
    main_1.o(.text.HAL_GetTick) refers to main_1.o(.bss.HAL_GetTick.ticks) for [Anonymous Symbol]
    main_1.o(.ARM.exidx.text.HAL_GetTick) refers to main_1.o(.text.HAL_GetTick) for [Anonymous Symbol]
    main_1.o(.text.main) refers to stm32l0xx_hal.o(.text.HAL_Init) for HAL_Init
    main_1.o(.text.main) refers to main_1.o(.text.SystemClock_Config) for SystemClock_Config
    main_1.o(.text.main) refers to system_stm32l0xx.o(.text.SystemCoreClockUpdate) for SystemCoreClockUpdate
    main_1.o(.text.main) refers to main_1.o(.text.MX_GPIO_Init) for MX_GPIO_Init
    main_1.o(.text.main) refers to main_1.o(.text.MX_RNG_Init) for MX_RNG_Init
    main_1.o(.text.main) refers to rtx_kernel.o(.text.osKernelInitialize) for osKernelInitialize
    main_1.o(.text.main) refers to rtx_thread.o(.text.osThreadNew) for osThreadNew
    main_1.o(.text.main) refers to rtx_kernel.o(.text.osKernelStart) for osKernelStart
    main_1.o(.text.main) refers to stm32l0xx_hal_rng.o(.text.HAL_RNG_GenerateRandomNumber) for HAL_RNG_GenerateRandomNumber
    main_1.o(.text.main) refers to dflti.o(.text) for __aeabi_ui2d
    main_1.o(.text.main) refers to dmul.o(.text) for __aeabi_dmul
    main_1.o(.text.main) refers to d2f.o(.text) for __aeabi_d2f
    main_1.o(.text.main) refers to bayesfunctions.o(.text.arm_gaussian_naive_bayes_predict_f32) for arm_gaussian_naive_bayes_predict_f32
    main_1.o(.text.main) refers to stm32l0xx_hal.o(.text.HAL_Delay) for HAL_Delay
    main_1.o(.text.main) refers to blinky.o(.text.app_main) for app_main
    main_1.o(.text.main) refers to blinky.o(.rodata.app_main_attr) for app_main_attr
    main_1.o(.text.main) refers to main_1.o(.bss.S) for S
    main_1.o(.text.main) refers to main_1.o(.rodata.theta) for theta
    main_1.o(.text.main) refers to main_1.o(.rodata.sigma) for sigma
    main_1.o(.text.main) refers to main_1.o(.rodata.classPriors) for classPriors
    main_1.o(.text.main) refers to main_1.o(.bss.hrng) for hrng
    main_1.o(.ARM.exidx.text.main) refers to main_1.o(.text.main) for [Anonymous Symbol]
    main_1.o(.text.SystemClock_Config) refers to stm32l0xx_hal_rcc.o(.text.HAL_RCC_OscConfig) for HAL_RCC_OscConfig
[...]
    [Anonymous Symbol]                       0x08004384   Section        0  blinky.o(.text.thrLED)
    thrLED                                   0x08004385   Thumb Code    66  blinky.o(.text.thrLED)
    .text_divfast                            0x080043c6   Section      494  aeabi_sdivfast.o(.text_divfast)
    i.__mathlib_flt_divzero                  0x080045b4   Section        0  funder.o(i.__mathlib_flt_divzero)
    i.__mathlib_flt_infnan                   0x080045c2   Section        0  funder.o(i.__mathlib_flt_infnan)
    i.__mathlib_flt_invalid                  0x080045cc   Section        0  funder.o(i.__mathlib_flt_invalid)
    i._fls                                   0x080045d8   Section        0  fcmp.o(i._fls)
    i.logf                                   0x080045f0   Section        0  logf.o(i.logf)
    x$fpl$fadd                               0x0800476c   Section      140  faddsub.o(x$fpl$fadd)
    _fadd1                                   0x08004779   Thumb Code     0  faddsub.o(x$fpl$fadd)
    x$fpl$fleqf                              0x080047f8   Section       84  flef.o(x$fpl$fleqf)
    x$fpl$fmul                               0x0800484c   Section      176  fmul.o(x$fpl$fmul)
    x$fpl$fsub                               0x080048fc   Section      208  faddsub.o(x$fpl$fsub)
    _fsub1                                   0x08004909   Thumb Code     0  faddsub.o(x$fpl$fsub)
    .constdata                               0x080049cc   Section       64  fdiv.o(.constdata)
    x$fpl$usenofp                            0x080049cc   Section        0  usenofp.o(x$fpl$usenofp)
    fdiv_tab                                 0x080049cc   Data          64  fdiv.o(.constdata)
    .constdata                               0x08004a0c   Section       64  logf.o(.constdata)
    logahi                                   0x08004a0c   Data          32  logf.o(.constdata)
    logalo                                   0x08004a2c   Data          32  logf.o(.constdata)
    [Anonymous Symbol]                       0x08004b54   Section        0  rtx_lib.o(.rodata.os_idle_thread_attr)
    os_idle_thread_attr                      0x08004b54   Data          36  rtx_lib.o(.rodata.os_idle_thread_attr)
    [Anonymous Symbol]                       0x08004b78   Section        0  rtx_lib.o(.rodata.os_timer_mq_attr)
    os_timer_mq_attr                         0x08004b78   Data          24  rtx_lib.o(.rodata.os_timer_mq_attr)
    [Anonymous Symbol]                       0x08004b90   Section        0  rtx_lib.o(.rodata.os_timer_thread_attr)
    os_timer_thread_attr                     0x08004b90   Data          36  rtx_lib.o(.rodata.os_timer_thread_attr)
    [Anonymous Symbol]                       0x08004bcc   Section        0  rtx_kernel.o(.rodata.str1.4)
    .L.str                                   0x08004bcc   Data          11  rtx_kernel.o(.rodata.str1.4)
    [Anonymous Symbol]                       0x20000004   Section        0  blinky.o(.data.delay_val)
    delay_val                                0x20000004   Data           4  blinky.o(.data.delay_val)
    [Anonymous Symbol]                       0x200000ac   Section        0  rtx_lib.o(.data.os.thread.mpi)
    os_mpi_thread                            0x200000ac   Data          24  rtx_lib.o(.data.os.thread.mpi)
    .bss                                     0x20000100   Section       96  libspace.o(.bss)
    [Anonymous Symbol]                       0x20000160   Section        0  main_1.o(.bss.HAL_GetTick.ticks)
    HAL_GetTick.ticks                        0x20000160   Data           4  main_1.o(.bss.HAL_GetTick.ticks)
    [Anonymous Symbol]                       0x20000164   Section        0  os_systick.o(.bss.PendST)
    PendST                                   0x20000164   Data           1  os_systick.o(.bss.PendST)
    [Anonymous Symbol]                       0x200003c0   Section        0  eventrecorder.o(.bss.noinit)
    EventBuffer                              0x200003c0   Data        1024  eventrecorder.o(.bss.noinit)
    EventFilter                              0x200007c0   Data         128  eventrecorder.o(.bss.noinit)
    EventStatus                              0x20000840   Data          36  eventrecorder.o(.bss.noinit)
    TimeStamp                                0x20000864   Data           4  eventrecorder.o(.bss.noinit)
    [Anonymous Symbol]                       0x20000868   Section        0  rtx_lib.o(.bss.os)
    os_isr_queue                             0x20000868   Data          64  rtx_lib.o(.bss.os)
    os_mem                                   0x200008a8   Data       12768  rtx_lib.o(.bss.os)
    [Anonymous Symbol]                       0x20003a88   Section        0  rtx_lib.o(.bss.os.libspace)
    os_libspace_id                           0x20003a88   Data           4  rtx_lib.o(.bss.os.libspace)
    os_libspace                              0x20003a8c   Data         192  rtx_lib.o(.bss.os.libspace)
    [Anonymous Symbol]                       0x20003b4c   Section        0  rtx_lib.o(.bss.os.msgqueue.cb)
    os_timer_mq_cb                           0x20003b4c   Data          52  rtx_lib.o(.bss.os.msgqueue.cb)
    [Anonymous Symbol]                       0x20003b80   Section        0  rtx_lib.o(.bss.os.msgqueue.mem)
    os_timer_mq_data                         0x20003b80   Data          80  rtx_lib.o(.bss.os.msgqueue.mem)
    [Anonymous Symbol]                       0x20003bd0   Section        0  rtx_lib.o(.bss.os.thread.cb)
    os_thread_cb                             0x20003bd0   Data          68  rtx_lib.o(.bss.os.thread.cb)
    os_idle_thread_cb                        0x20003c14   Data          68  rtx_lib.o(.bss.os.thread.cb)
    os_timer_thread_cb                       0x20003c58   Data          68  rtx_lib.o(.bss.os.thread.cb)
    [Anonymous Symbol]                       0x20003ca0   Section        0  rtx_lib.o(.bss.os.thread.stack)
    os_idle_thread_stack                     0x20003ca0   Data        1024  rtx_lib.o(.bss.os.thread.stack)
    os_timer_thread_stack                    0x200040a0   Data         512  rtx_lib.o(.bss.os.thread.stack)
    [Anonymous Symbol]                       0x200042a0   Section        0  rtx_lib.o(.bss.os_kernel_is_active.os_kernel_active)
    os_kernel_is_active.os_kernel_active     0x200042a0   Data           1  rtx_lib.o(.bss.os_kernel_is_active.os_kernel_active)
    [Anonymous Symbol]                       0x200042a4   Section        0  blinky.o(.bss.tid_thrBUT)
    tid_thrBUT                               0x200042a4   Data           4  blinky.o(.bss.tid_thrBUT)
    [Anonymous Symbol]                       0x200042a8   Section        0  blinky.o(.bss.tid_thrLED)
    tid_thrLED                               0x200042a8   Data           4  blinky.o(.bss.tid_thrLED)
    HEAP                                     0x200042b0   Section      512  startup_stm32l053xx.o(HEAP)
    Heap_Mem                                 0x200042b0   Data         512  startup_stm32l053xx.o(HEAP)
    STACK                                    0x200044b0   Section     1024  startup_stm32l053xx.o(STACK)
    Stack_Mem                                0x200044b0   Data        1024  startup_stm32l053xx.o(STACK)
    __initial_sp                             0x200048b0   Data           0  startup_stm32l053xx.o(STACK)

    Global Symbols

    Symbol Name                              Value     Ov Type        Size  Object(Section)

    BuildAttributes$$THM_ISAv3M$S$PE$A:L22$X:L11$S22$IEEE1$IW$~IW$USESV6$~STKCKD$USESV7$~SHL$OTIME$ROPI$IEEEX$EBA8$UX$STANDARDLIB$REQ8$PRES8$EABIv2 0x00000000   Number         0  anon$$obj.o ABSOLUTE
    .bss.os.evflags.cb$$Base                  - Undefined Weak Reference
    .bss.os.evflags.cb$$Limit                 - Undefined Weak Reference
    .bss.os.mempool.cb$$Base                  - Undefined Weak Reference
    .bss.os.mempool.cb$$Limit                 - Undefined Weak Reference
    .bss.os.mutex.cb$$Base                    - Undefined Weak Reference
    .bss.os.mutex.cb$$Limit                   - Undefined Weak Reference
    .bss.os.semaphore.cb$$Base                - Undefined Weak Reference
    .bss.os.semaphore.cb$$Limit               - Undefined Weak Reference
    .bss.os.timer.cb$$Base                    - Undefined Weak Reference
    .bss.os.timer.cb$$Limit                   - Undefined Weak Reference
    __ARM_exceptions_init                     - Undefined Weak Reference
    __alloca_initialize                       - Undefined Weak Reference
    __arm_preinit_                            - Undefined Weak Reference
    __cpp_initialize__aeabi_                  - Undefined Weak Reference
    __cxa_finalize                            - Undefined Weak Reference
    __rt_locale                               - Undefined Weak Reference
    __sigvec_lookup                           - Undefined Weak Reference
    _atexit_init                              - Undefined Weak Reference
    _call_atexit_fns                          - Undefined Weak Reference
    _clock_init                               - Undefined Weak Reference
    _fp_trap_init                             - Undefined Weak Reference
    _fp_trap_shutdown                         - Undefined Weak Reference
    _get_lc_collate                           - Undefined Weak Reference
    _get_lc_ctype                             - Undefined Weak Reference
    _get_lc_monetary                          - Undefined Weak Reference
    _get_lc_numeric                           - Undefined Weak Reference
    _get_lc_time                              - Undefined Weak Reference
    _getenv_init                              - Undefined Weak Reference
    _handle_redirection                       - Undefined Weak Reference
    _init_alloc                               - Undefined Weak Reference
    _init_user_alloc                          - Undefined Weak Reference
    _initio                                   - Undefined Weak Reference
    _rand_init                                - Undefined Weak Reference
    _signal_finish                            - Undefined Weak Reference
    _signal_init                              - Undefined Weak Reference
    _terminate_alloc                          - Undefined Weak Reference
    _terminate_user_alloc                     - Undefined Weak Reference
    _terminateio                              - Undefined Weak Reference
    __Vectors_Size                           0x000000c0   Number         0  startup_stm32l053xx.o ABSOLUTE
    __Vectors                                0x08000000   Data           4  startup_stm32l053xx.o(RESET)
    __Vectors_End                            0x080000c0   Data           0  startup_stm32l053xx.o(RESET)
    __main                                   0x080000c1   Thumb Code     8  __main.o(!!!main)
    __scatterload                            0x080000c9   Thumb Code     0  __scatter.o(!!!scatter)
    __scatterload_rt2                        0x080000c9   Thumb Code    52  __scatter.o(!!!scatter)
    __scatterload_rt2_thumb_only             0x080000c9   Thumb Code     0  __scatter.o(!!!scatter)
    __scatterload_null                       0x080000d9   Thumb Code     0  __scatter.o(!!!scatter)
    __scatterload_copy                       0x08000105   Thumb Code    26  __scatter_copy.o(!!handler_copy)
    __scatterload_zeroinit                   0x08000121   Thumb Code    28  __scatter_zi.o(!!handler_zi)
    __rt_lib_init                            0x0800013d   Thumb Code     0  libinit.o(.ARM.Collect$$libinit$$00000000)
    __rt_lib_init_alloca_1                   0x0800013f   Thumb Code     0  libinit2.o(.ARM.Collect$$libinit$$0000002E)
    __rt_lib_init_argv_1                     0x0800013f   Thumb Code     0  libinit2.o(.ARM.Collect$$libinit$$0000002C)
    __rt_lib_init_atexit_1                   0x0800013f   Thumb Code     0  libinit2.o(.ARM.Collect$$libinit$$0000001B)
    __rt_lib_init_clock_1                    0x0800013f   Thumb Code     0  libinit2.o(.ARM.Collect$$libinit$$00000021)
    __rt_lib_init_cpp_1                      0x0800013f   Thumb Code     0  libinit2.o(.ARM.Collect$$libinit$$00000032)
    __rt_lib_init_exceptions_1               0x0800013f   Thumb Code     0  libinit2.o(.ARM.Collect$$libinit$$00000030)
    __rt_lib_init_fp_1                       0x0800013f   Thumb Code     0  libinit2.o(.ARM.Collect$$libinit$$00000002)
    __rt_lib_init_fp_trap_1                  0x0800013f   Thumb Code     0  libinit2.o(.ARM.Collect$$libinit$$0000001F)
    __rt_lib_init_getenv_1                   0x0800013f   Thumb Code     0  libinit2.o(.ARM.Collect$$libinit$$00000023)
    __rt_lib_init_heap_1                     0x0800013f   Thumb Code     0  libinit2.o(.ARM.Collect$$libinit$$0000000A)
    __rt_lib_init_lc_collate_1               0x0800013f   Thumb Code     0  libinit2.o(.ARM.Collect$$libinit$$00000011)
    __rt_lib_init_lc_ctype_1                 0x0800013f   Thumb Code     0  libinit2.o(.ARM.Collect$$libinit$$00000013)
    __rt_lib_init_lc_monetary_1              0x0800013f   Thumb Code     0  libinit2.o(.ARM.Collect$$libinit$$00000015)
    __rt_lib_init_lc_numeric_1               0x0800013f   Thumb Code     0  libinit2.o(.ARM.Collect$$libinit$$00000017)
    __rt_lib_init_lc_time_1                  0x0800013f   Thumb Code     0  libinit2.o(.ARM.Collect$$libinit$$00000019)
    __rt_lib_init_preinit_1                  0x0800013f   Thumb Code     0  libinit2.o(.ARM.Collect$$libinit$$00000004)
    __rt_lib_init_rand_1                     0x0800013f   Thumb Code     0  libinit2.o(.ARM.Collect$$libinit$$0000000E)
    __rt_lib_init_return                     0x0800013f   Thumb Code     0  libinit2.o(.ARM.Collect$$libinit$$00000033)
    __rt_lib_init_signal_1                   0x0800013f   Thumb Code     0  libinit2.o(.ARM.Collect$$libinit$$0000001D)
    __rt_lib_init_stdio_1                    0x0800013f   Thumb Code     0  libinit2.o(.ARM.Collect$$libinit$$00000025)
    __rt_lib_init_user_alloc_1               0x0800013f   Thumb Code     0  libinit2.o(.ARM.Collect$$libinit$$0000000C)
    __rt_lib_shutdown                        0x08000141   Thumb Code     0  libshutdown.o(.ARM.Collect$$libshutdown$$00000000)
    __rt_lib_shutdown_cpp_1                  0x08000143   Thumb Code     0  libshutdown2.o(.ARM.Collect$$libshutdown$$00000002)
    __rt_lib_shutdown_fp_trap_1              0x08000143   Thumb Code     0  libshutdown2.o(.ARM.Collect$$libshutdown$$00000007)
    __rt_lib_shutdown_heap_1                 0x08000143   Thumb Code     0  libshutdown2.o(.ARM.Collect$$libshutdown$$0000000F)
    __rt_lib_shutdown_return                 0x08000143   Thumb Code     0  libshutdown2.o(.ARM.Collect$$libshutdown$$00000010)
    __rt_lib_shutdown_signal_1               0x08000143   Thumb Code     0  libshutdown2.o(.ARM.Collect$$libshutdown$$0000000A)
    __rt_lib_shutdown_stdio_1                0x08000143   Thumb Code     0  libshutdown2.o(.ARM.Collect$$libshutdown$$00000004)
    __rt_lib_shutdown_user_alloc_1           0x08000143   Thumb Code     0  libshutdown2.o(.ARM.Collect$$libshutdown$$0000000C)
    __rt_entry                               0x08000145   Thumb Code     0  __rtentry.o(.ARM.Collect$$rtentry$$00000000)
    __rt_entry_presh_1                       0x08000145   Thumb Code     0  __rtentry2.o(.ARM.Collect$$rtentry$$00000002)
    __rt_entry_sh                            0x08000145   Thumb Code     0  __rtentry4.o(.ARM.Collect$$rtentry$$00000004)
    __rt_entry_postsh_1                      0x0800014b   Thumb Code     0  __rtentry2.o(.ARM.Collect$$rtentry$$00000008)
    __rt_entry_li                            0x08000153   Thumb Code     0  __rtentry2.o(.ARM.Collect$$rtentry$$0000000A)
    __rt_entry_main                          0x08000157   Thumb Code     0  __rtentry2.o(.ARM.Collect$$rtentry$$0000000D)
    __rt_entry_postli_1                      0x08000157   Thumb Code     0  __rtentry2.o(.ARM.Collect$$rtentry$$0000000C)
    __rt_exit                                0x0800015f   Thumb Code     0  rtexit.o(.ARM.Collect$$rtexit$$00000000)
    __rt_exit_ls                             0x08000161   Thumb Code     0  rtexit2.o(.ARM.Collect$$rtexit$$00000003)
    __rt_exit_prels_1                        0x08000161   Thumb Code     0  rtexit2.o(.ARM.Collect$$rtexit$$00000002)
    __rt_exit_exit                           0x08000165   Thumb Code     0  rtexit2.o(.ARM.Collect$$rtexit$$00000004)
    __aeabi_memcpy4                          0x0800016d   Thumb Code    56  rt_memcpy.o(.emb_text)
    __aeabi_memcpy8                          0x0800016d   Thumb Code     0  rt_memcpy.o(.emb_text)
    SVC_Handler                              0x080001a5   Thumb Code   132  irq_cm0.o(.text)
    PendSV_Handler                           0x08000229   Thumb Code    12  irq_cm0.o(.text)
    SysTick_Handler                          0x08000235   Thumb Code    12  irq_cm0.o(.text)
    Reset_Handler                            0x08000249   Thumb Code     8  startup_stm32l053xx.o(.text)
    ADC1_COMP_IRQHandler                     0x0800025b   Thumb Code     0  startup_stm32l053xx.o(.text)
    DMA1_Channel1_IRQHandler                 0x0800025b   Thumb Code     0  startup_stm32l053xx.o(.text)
    DMA1_Channel2_3_IRQHandler               0x0800025b   Thumb Code     0  startup_stm32l053xx.o(.text)
    DMA1_Channel4_5_6_7_IRQHandler           0x0800025b   Thumb Code     0  startup_stm32l053xx.o(.text)
    EXTI0_1_IRQHandler                       0x0800025b   Thumb Code     0  startup_stm32l053xx.o(.text)
    EXTI2_3_IRQHandler                       0x0800025b   Thumb Code     0  startup_stm32l053xx.o(.text)
    EXTI4_15_IRQHandler                      0x0800025b   Thumb Code     0  startup_stm32l053xx.o(.text)
    FLASH_IRQHandler                         0x0800025b   Thumb Code     0  startup_stm32l053xx.o(.text)
    I2C1_IRQHandler                          0x0800025b   Thumb Code     0  startup_stm32l053xx.o(.text)
    I2C2_IRQHandler                          0x0800025b   Thumb Code     0  startup_stm32l053xx.o(.text)
    LCD_IRQHandler                           0x0800025b   Thumb Code     0  startup_stm32l053xx.o(.text)
    LPTIM1_IRQHandler                        0x0800025b   Thumb Code     0  startup_stm32l053xx.o(.text)
    PVD_IRQHandler                           0x0800025b   Thumb Code     0  startup_stm32l053xx.o(.text)
    RCC_CRS_IRQHandler                       0x0800025b   Thumb Code     0  startup_stm32l053xx.o(.text)
    RNG_LPUART1_IRQHandler                   0x0800025b   Thumb Code     0  startup_stm32l053xx.o(.text)
    RTC_IRQHandler                           0x0800025b   Thumb Code     0  startup_stm32l053xx.o(.text)
    SPI1_IRQHandler                          0x0800025b   Thumb Code     0  startup_stm32l053xx.o(.text)
    SPI2_IRQHandler                          0x0800025b   Thumb Code     0  startup_stm32l053xx.o(.text)
    TIM21_IRQHandler                         0x0800025b   Thumb Code     0  startup_stm32l053xx.o(.text)
    TIM22_IRQHandler                         0x0800025b   Thumb Code     0  startup_stm32l053xx.o(.text)
    TIM2_IRQHandler                          0x0800025b   Thumb Code     0  startup_stm32l053xx.o(.text)
    TIM6_DAC_IRQHandler                      0x0800025b   Thumb Code     0  startup_stm32l053xx.o(.text)
    TSC_IRQHandler                           0x0800025b   Thumb Code     0  startup_stm32l053xx.o(.text)
    USART1_IRQHandler                        0x0800025b   Thumb Code     0  startup_stm32l053xx.o(.text)
    USART2_IRQHandler                        0x0800025b   Thumb Code     0  startup_stm32l053xx.o(.text)
    USB_IRQHandler                           0x0800025b   Thumb Code     0  startup_stm32l053xx.o(.text)
    WWDG_IRQHandler                          0x0800025b   Thumb Code     0  startup_stm32l053xx.o(.text)
    __user_initial_stackheap                 0x0800025d   Thumb Code     0  startup_stm32l053xx.o(.text)
    __aeabi_memcpy                           0x08000281   Thumb Code   130  rt_memcpy.o(.text)
    __rt_memcpy                              0x08000281   Thumb Code     0  rt_memcpy.o(.text)
    _memset_w                                0x08000303   Thumb Code    26  rt_memclr.o(.text)
    _memset                                  0x0800031d   Thumb Code    30  rt_memclr.o(.text)
    __aeabi_memclr                           0x0800033b   Thumb Code     4  rt_memclr.o(.text)
    __rt_memclr                              0x0800033b   Thumb Code     0  rt_memclr.o(.text)
    __aeabi_memclr4                          0x0800033f   Thumb Code     0  rt_memclr.o(.text)
    __aeabi_memclr8                          0x0800033f   Thumb Code     0  rt_memclr.o(.text)
    __rt_memclr_w                            0x0800033f   Thumb Code     4  rt_memclr.o(.text)
    __use_two_region_memory                  0x08000343   Thumb Code     2  heapauxi.o(.text)
    __rt_heap_escrow$2region                 0x08000345   Thumb Code     2  heapauxi.o(.text)
    __rt_heap_expand$2region                 0x08000347   Thumb Code     2  heapauxi.o(.text)
    __aeabi_d2f                              0x08000349   Thumb Code     0  d2f.o(.text)
    _d2f                                     0x08000349   Thumb Code   120  d2f.o(.text)
    __aeabi_i2d_normalise                    0x080003c5   Thumb Code    66  dflti.o(.text)
    __aeabi_i2d                              0x08000407   Thumb Code    16  dflti.o(.text)
    _dflt                                    0x08000407   Thumb Code     0  dflti.o(.text)
    __aeabi_ui2d                             0x08000417   Thumb Code     6  dflti.o(.text)
    _dfltu                                   0x08000417   Thumb Code     0  dflti.o(.text)
    __aeabi_dmul                             0x0800041d   Thumb Code     0  dmul.o(.text)
    _dmul                                    0x0800041d   Thumb Code   558  dmul.o(.text)
    __aeabi_fdiv                             0x08000665   Thumb Code     0  fdiv.o(.text)
    _fdiv                                    0x08000665   Thumb Code   334  fdiv.o(.text)
    _frdiv                                   0x080007b3   Thumb Code     8  fdiv.o(.text)
    __aeabi_i2f_normalise                    0x080007c5   Thumb Code    72  fflti.o(.text)
    __aeabi_i2f                              0x0800080d   Thumb Code    16  fflti.o(.text)
    _fflt                                    0x0800080d   Thumb Code     0  fflti.o(.text)
    __aeabi_ui2f                             0x0800081d   Thumb Code     6  fflti.o(.text)
    _ffltu                                   0x0800081d   Thumb Code     0  fflti.o(.text)
    __read_errno                             0x08000823   Thumb Code    10  _rserrno.o(.text)
    __set_errno                              0x0800082d   Thumb Code    12  _rserrno.o(.text)
    __ARM_scalbnf                            0x08000839   Thumb Code    64  fscalbn.o(.text)
    __aeabi_errno_addr                       0x0800087d   Thumb Code     8  rt_errno_addr_twolibspace.o(.text)
    __errno$twolibspace                      0x0800087d   Thumb Code     0  rt_errno_addr_twolibspace.o(.text)
    __rt_errno_addr$twolibspace              0x0800087d   Thumb Code     0  rt_errno_addr_twolibspace.o(.text)
    __fpl_fcmp_InfNaN                        0x08000885   Thumb Code    96  fcmpin.o(.text)
    __user_libspace                          0x080008e9   Thumb Code     8  libspace.o(.text)
    __user_perproc_libspace                  0x080008e9   Thumb Code     0  libspace.o(.text)
    __user_setup_stackheap                   0x080008f1   Thumb Code    62  sys_stackheap_outer.o(.text)
    exit                                     0x0800092f   Thumb Code    16  exit.o(.text)
    __fpl_cmpreturn                          0x0800093f   Thumb Code    46  cmpret.o(.text)
    __fpl_fcheck_NaN2                        0x0800096d   Thumb Code    10  fnan2.o(.text)
    __fpl_return_NaN                         0x0800097d   Thumb Code    94  retnan.o(.text)
    _sys_exit                                0x080009dd   Thumb Code     8  sys_exit.o(.text)
    __I$use$semihosting                      0x080009e9   Thumb Code     0  use_no_semi.o(.text)
    __use_no_semihosting_swi                 0x080009e9   Thumb Code     2  use_no_semi.o(.text)
    Buttons_GetCount                         0x080009eb   Thumb Code     4  buttons_nucleo_l053r8.o(.text.Buttons_GetCount)
    __semihosting_library_function           0x080009eb   Thumb Code     0  indicate_semi.o(.text)
    Buttons_GetState                         0x080009f1   Thumb Code    52  buttons_nucleo_l053r8.o(.text.Buttons_GetState)
    Buttons_Initialize                       0x08000a25   Thumb Code     4  buttons_nucleo_l053r8.o(.text.Buttons_Initialize)
    EventRecord2                             0x08000a6d   Thumb Code    64  eventrecorder.o(.text.EventRecord2)
    EventRecord4                             0x08000aad   Thumb Code   116  eventrecorder.o(.text.EventRecord4)
    EventRecorderEnable                      0x08000bd1   Thumb Code    92  eventrecorder.o(.text.EventRecorderEnable)
    EventRecorderInitialize                  0x08000c29   Thumb Code   248  eventrecorder.o(.text.EventRecorderInitialize)
    EventRecorderStart                       0x08000d1d   Thumb Code    44  eventrecorder.o(.text.EventRecorderStart)
    EventRecorderTimerGetCount               0x08000d49   Thumb Code    16  eventrecorder.o(.text.EventRecorderTimerGetCount)
    EventRecorderTimerGetFreq                0x08000d55   Thumb Code     4  eventrecorder.o(.text.EventRecorderTimerGetFreq)
    EventRecorderTimerSetup                  0x08000d59   Thumb Code    16  eventrecorder.o(.text.EventRecorderTimerSetup)
    EvrRtxDelay                              0x08000d69   Thumb Code    20  rtx_evr.o(.text.EvrRtxDelay)
    EvrRtxDelayCompleted                     0x08000d7d   Thumb Code    20  rtx_evr.o(.text.EvrRtxDelayCompleted)
    EvrRtxDelayError                         0x08000d91   Thumb Code    16  rtx_evr.o(.text.EvrRtxDelayError)
    EvrRtxDelayStarted                       0x08000da1   Thumb Code    20  rtx_evr.o(.text.EvrRtxDelayStarted)
    EvrRtxEventFlagsWaitTimeout              0x08000db5   Thumb Code    20  rtx_evr.o(.text.EvrRtxEventFlagsWaitTimeout)
    EvrRtxKernelError                        0x08000dc9   Thumb Code    16  rtx_evr.o(.text.EvrRtxKernelError)
    EvrRtxKernelGetState                     0x08000dd9   Thumb Code    20  rtx_evr.o(.text.EvrRtxKernelGetState)
    EvrRtxKernelGetTickCount                 0x08000ded   Thumb Code    20  rtx_evr.o(.text.EvrRtxKernelGetTickCount)
    EvrRtxKernelInitialize                   0x08000e01   Thumb Code    20  rtx_evr.o(.text.EvrRtxKernelInitialize)
    EvrRtxKernelInitialized                  0x08000e15   Thumb Code    20  rtx_evr.o(.text.EvrRtxKernelInitialized)
    EvrRtxKernelStart                        0x08000e29   Thumb Code    20  rtx_evr.o(.text.EvrRtxKernelStart)
    EvrRtxKernelStarted                      0x08000e3d   Thumb Code    20  rtx_evr.o(.text.EvrRtxKernelStarted)
    EvrRtxMemoryAlloc                        0x08000e51   Thumb Code    32  rtx_evr.o(.text.EvrRtxMemoryAlloc)
    EvrRtxMemoryBlockAlloc                   0x08000e71   Thumb Code    20  rtx_evr.o(.text.EvrRtxMemoryBlockAlloc)
    EvrRtxMemoryBlockFree                    0x08000e85   Thumb Code    32  rtx_evr.o(.text.EvrRtxMemoryBlockFree)
    EvrRtxMemoryBlockInit                    0x08000ea5   Thumb Code    32  rtx_evr.o(.text.EvrRtxMemoryBlockInit)
    EvrRtxMemoryFree                         0x08000ec5   Thumb Code    32  rtx_evr.o(.text.EvrRtxMemoryFree)
    EvrRtxMemoryInit                         0x08000ee5   Thumb Code    28  rtx_evr.o(.text.EvrRtxMemoryInit)
    EvrRtxMemoryPoolAllocTimeout             0x08000f01   Thumb Code    20  rtx_evr.o(.text.EvrRtxMemoryPoolAllocTimeout)
    EvrRtxMessageQueueCreated                0x08000f15   Thumb Code    20  rtx_evr.o(.text.EvrRtxMessageQueueCreated)
    EvrRtxMessageQueueError                  0x08000f29   Thumb Code    16  rtx_evr.o(.text.EvrRtxMessageQueueError)
    EvrRtxMessageQueueGet                    0x08000f39   Thumb Code    32  rtx_evr.o(.text.EvrRtxMessageQueueGet)
    EvrRtxMessageQueueGetPending             0x08000f59   Thumb Code    32  rtx_evr.o(.text.EvrRtxMessageQueueGetPending)
    EvrRtxMessageQueueGetTimeout             0x08000f79   Thumb Code    20  rtx_evr.o(.text.EvrRtxMessageQueueGetTimeout)
    EvrRtxMessageQueueInsertPending          0x08000f8d   Thumb Code    20  rtx_evr.o(.text.EvrRtxMessageQueueInsertPending)
    EvrRtxMessageQueueInserted               0x08000fa1   Thumb Code    20  rtx_evr.o(.text.EvrRtxMessageQueueInserted)
    EvrRtxMessageQueueNew                    0x08000fb5   Thumb Code    32  rtx_evr.o(.text.EvrRtxMessageQueueNew)
    EvrRtxMessageQueueNotInserted            0x08000fd5   Thumb Code    20  rtx_evr.o(.text.EvrRtxMessageQueueNotInserted)
    EvrRtxMessageQueueNotRetrieved           0x08000fe9   Thumb Code    20  rtx_evr.o(.text.EvrRtxMessageQueueNotRetrieved)
    EvrRtxMessageQueuePut                    0x08000ffd   Thumb Code    32  rtx_evr.o(.text.EvrRtxMessageQueuePut)
    EvrRtxMessageQueuePutPending             0x0800101d   Thumb Code    32  rtx_evr.o(.text.EvrRtxMessageQueuePutPending)
    EvrRtxMessageQueuePutTimeout             0x0800103d   Thumb Code    20  rtx_evr.o(.text.EvrRtxMessageQueuePutTimeout)
    EvrRtxMessageQueueRetrieved              0x08001051   Thumb Code    20  rtx_evr.o(.text.EvrRtxMessageQueueRetrieved)
    EvrRtxMutexAcquireTimeout                0x08001065   Thumb Code    20  rtx_evr.o(.text.EvrRtxMutexAcquireTimeout)
    EvrRtxMutexAcquired                      0x08001079   Thumb Code    20  rtx_evr.o(.text.EvrRtxMutexAcquired)
    EvrRtxMutexReleased                      0x0800108d   Thumb Code    20  rtx_evr.o(.text.EvrRtxMutexReleased)
    EvrRtxSemaphoreAcquireTimeout            0x080010a1   Thumb Code    20  rtx_evr.o(.text.EvrRtxSemaphoreAcquireTimeout)
    EvrRtxThreadBlocked                      0x080010b5   Thumb Code    20  rtx_evr.o(.text.EvrRtxThreadBlocked)
    EvrRtxThreadCreated                      0x080010c9   Thumb Code    32  rtx_evr.o(.text.EvrRtxThreadCreated)
    EvrRtxThreadDestroyed                    0x080010e9   Thumb Code    20  rtx_evr.o(.text.EvrRtxThreadDestroyed)
    EvrRtxThreadError                        0x080010fd   Thumb Code    16  rtx_evr.o(.text.EvrRtxThreadError)
    EvrRtxThreadExit                         0x0800110d   Thumb Code    20  rtx_evr.o(.text.EvrRtxThreadExit)
    EvrRtxThreadFlagsError                   0x08001121   Thumb Code    16  rtx_evr.o(.text.EvrRtxThreadFlagsError)
    EvrRtxThreadFlagsSet                     0x08001131   Thumb Code    20  rtx_evr.o(.text.EvrRtxThreadFlagsSet)
    EvrRtxThreadFlagsSetDone                 0x08001145   Thumb Code    20  rtx_evr.o(.text.EvrRtxThreadFlagsSetDone)
    EvrRtxThreadFlagsWait                    0x08001159   Thumb Code    32  rtx_evr.o(.text.EvrRtxThreadFlagsWait)
    EvrRtxThreadFlagsWaitCompleted           0x08001179   Thumb Code    32  rtx_evr.o(.text.EvrRtxThreadFlagsWaitCompleted)
    EvrRtxThreadFlagsWaitNotCompleted        0x08001199   Thumb Code    20  rtx_evr.o(.text.EvrRtxThreadFlagsWaitNotCompleted)
    EvrRtxThreadFlagsWaitPending             0x080011ad   Thumb Code    32  rtx_evr.o(.text.EvrRtxThreadFlagsWaitPending)
    EvrRtxThreadFlagsWaitTimeout             0x080011cd   Thumb Code    20  rtx_evr.o(.text.EvrRtxThreadFlagsWaitTimeout)
    EvrRtxThreadGetId                        0x080011e1   Thumb Code    20  rtx_evr.o(.text.EvrRtxThreadGetId)
    EvrRtxThreadJoined                       0x080011f5   Thumb Code    20  rtx_evr.o(.text.EvrRtxThreadJoined)
    EvrRtxThreadNew                          0x08001209   Thumb Code    32  rtx_evr.o(.text.EvrRtxThreadNew)
    EvrRtxThreadPreempted                    0x08001229   Thumb Code    20  rtx_evr.o(.text.EvrRtxThreadPreempted)
    EvrRtxThreadSwitched                     0x0800123d   Thumb Code    20  rtx_evr.o(.text.EvrRtxThreadSwitched)
    EvrRtxThreadUnblocked                    0x08001251   Thumb Code    20  rtx_evr.o(.text.EvrRtxThreadUnblocked)
    EvrRtxTimerCallback                      0x08001265   Thumb Code    20  rtx_evr.o(.text.EvrRtxTimerCallback)
    HAL_Delay                                0x08001291   Thumb Code    32  stm32l0xx_hal.o(.text.HAL_Delay)
    HAL_GPIO_Init                            0x080012b1   Thumb Code   412  stm32l0xx_hal_gpio.o(.text.HAL_GPIO_Init)
    HAL_GPIO_ReadPin                         0x08001449   Thumb Code    14  stm32l0xx_hal_gpio.o(.text.HAL_GPIO_ReadPin)
    HAL_GPIO_WritePin                        0x08001457   Thumb Code    16  stm32l0xx_hal_gpio.o(.text.HAL_GPIO_WritePin)
    HAL_GetTick                              0x08001469   Thumb Code    76  main_1.o(.text.HAL_GetTick)
    HAL_Init                                 0x080014b1   Thumb Code    40  stm32l0xx_hal.o(.text.HAL_Init)
    HAL_InitTick                             0x080014d9   Thumb Code    48  stm32l0xx_hal.o(.text.HAL_InitTick)
    HAL_MspInit                              0x08001509   Thumb Code    64  stm32l0xx_hal_msp.o(.text.HAL_MspInit)
    HAL_NVIC_SetPriority                     0x08001549   Thumb Code     8  stm32l0xx_hal_cortex.o(.text.HAL_NVIC_SetPriority)
    HAL_RCCEx_PeriphCLKConfig                0x08001551   Thumb Code   492  stm32l0xx_hal_rcc_ex.o(.text.HAL_RCCEx_PeriphCLKConfig)
    HAL_RCC_ClockConfig                      0x08001739   Thumb Code   424  stm32l0xx_hal_rcc.o(.text.HAL_RCC_ClockConfig)
    HAL_RCC_GetHCLKFreq                      0x080018dd   Thumb Code    12  stm32l0xx_hal_rcc.o(.text.HAL_RCC_GetHCLKFreq)
    HAL_RCC_GetSysClockFreq                  0x080018e9   Thumb Code   144  stm32l0xx_hal_rcc.o(.text.HAL_RCC_GetSysClockFreq)
    HAL_RCC_OscConfig                        0x08001979   Thumb Code  1324  stm32l0xx_hal_rcc.o(.text.HAL_RCC_OscConfig)
    HAL_RNG_GenerateRandomNumber             0x08001ea5   Thumb Code    90  stm32l0xx_hal_rng.o(.text.HAL_RNG_GenerateRandomNumber)
    HAL_RNG_Init                             0x08001eff   Thumb Code    50  stm32l0xx_hal_rng.o(.text.HAL_RNG_Init)
    HAL_RNG_MspInit                          0x08001f31   Thumb Code    44  stm32l0xx_hal_msp.o(.text.HAL_RNG_MspInit)
    HAL_SYSTICK_CLKSourceConfig              0x08001f59   Thumb Code    28  stm32l0xx_hal_cortex.o(.text.HAL_SYSTICK_CLKSourceConfig)
    HAL_SYSTICK_Config                       0x08001f71   Thumb Code     8  stm32l0xx_hal_cortex.o(.text.HAL_SYSTICK_Config)
    HardFault_Handler                        0x08001f79   Thumb Code     2  stm32l0xx_it.o(.text.HardFault_Handler)
    LED_GetCount                             0x08002025   Thumb Code     4  led_nucleo_l053r8.o(.text.LED_GetCount)
    LED_Initialize                           0x08002029   Thumb Code     4  led_nucleo_l053r8.o(.text.LED_Initialize)
    LED_Off                                  0x0800202d   Thumb Code    28  led_nucleo_l053r8.o(.text.LED_Off)
    LED_On                                   0x08002049   Thumb Code    28  led_nucleo_l053r8.o(.text.LED_On)
    NMI_Handler                              0x080021e7   Thumb Code     2  stm32l0xx_it.o(.text.NMI_Handler)
    OS_Tick_AcknowledgeIRQ                   0x080021e9   Thumb Code    12  os_systick.o(.text.OS_Tick_AcknowledgeIRQ)
    OS_Tick_Enable                           0x080021f1   Thumb Code    44  os_systick.o(.text.OS_Tick_Enable)
    OS_Tick_GetIRQn                          0x08002211   Thumb Code     6  os_systick.o(.text.OS_Tick_GetIRQn)
    OS_Tick_Setup                            0x08002219   Thumb Code    76  os_systick.o(.text.OS_Tick_Setup)
    SystemClock_Config                       0x080022b9   Thumb Code   124  main_1.o(.text.SystemClock_Config)
    SystemCoreClockUpdate                    0x08002335   Thumb Code   148  system_stm32l0xx.o(.text.SystemCoreClockUpdate)
    SystemInit                               0x080023c9   Thumb Code    80  system_stm32l0xx.o(.text.SystemInit)
    __user_perthread_libspace                0x08002561   Thumb Code    80  rtx_lib.o(.text.__user_perthread_libspace)
    _platform_post_stackheap_init            0x080025b1   Thumb Code     8  rtx_lib.o(.text._platform_post_stackheap_init)
    app_main                                 0x080025b9   Thumb Code    92  blinky.o(.text.app_main)
    arm_gaussian_naive_bayes_predict_f32     0x08002615   Thumb Code   212  bayesfunctions.o(.text.arm_gaussian_naive_bayes_predict_f32)
    arm_max_f32                              0x080026e9   Thumb Code    86  statisticsfunctions.o(.text.arm_max_f32)
    main                                     0x080029cd   Thumb Code   192  main_1.o(.text.main)
    osDelay                                  0x08002a8d   Thumb Code    52  rtx_delay.o(.text.osDelay)
    osKernelGetState                         0x08002ac1   Thumb Code    44  rtx_kernel.o(.text.osKernelGetState)
    osKernelGetTickCount                     0x08002aed   Thumb Code    36  rtx_kernel.o(.text.osKernelGetTickCount)
    osKernelInitialize                       0x08002b11   Thumb Code    52  rtx_kernel.o(.text.osKernelInitialize)
    osKernelStart                            0x08002b45   Thumb Code    48  rtx_kernel.o(.text.osKernelStart)
    osMessageQueueGet                        0x08002b75   Thumb Code    68  rtx_msgqueue.o(.text.osMessageQueueGet)
    osMessageQueueNew                        0x08002bb9   Thumb Code    68  rtx_msgqueue.o(.text.osMessageQueueNew)
    osMessageQueuePut                        0x08002bfd   Thumb Code    68  rtx_msgqueue.o(.text.osMessageQueuePut)
    osRtxErrorNotify                         0x08002c41   Thumb Code     2  rtx_config.o(.text.osRtxErrorNotify)
    osRtxIdleThread                          0x08002c47   Thumb Code     2  rtx_config.o(.text.osRtxIdleThread)
    osRtxKernelPreInit                       0x08002c59   Thumb Code     2  rtx_kernel.o(.text.osRtxKernelPreInit)
    osRtxMemoryAlloc                         0x08002c69   Thumb Code   192  rtx_memory.o(.text.osRtxMemoryAlloc)
    osRtxMemoryFree                          0x08002d29   Thumb Code   128  rtx_memory.o(.text.osRtxMemoryFree)
    osRtxMemoryInit                          0x08002da9   Thumb Code   102  rtx_memory.o(.text.osRtxMemoryInit)
    osRtxMemoryPoolAlloc                     0x08002e0f   Thumb Code    62  rtx_mempool.o(.text.osRtxMemoryPoolAlloc)
    osRtxMemoryPoolFree                      0x08002e4d   Thumb Code    72  rtx_mempool.o(.text.osRtxMemoryPoolFree)
    osRtxMemoryPoolInit                      0x08002e95   Thumb Code    92  rtx_mempool.o(.text.osRtxMemoryPoolInit)
    osRtxMutexOwnerRelease                   0x08002ffd   Thumb Code    96  rtx_mutex.o(.text.osRtxMutexOwnerRelease)
    osRtxMutexOwnerRestore                   0x0800305d   Thumb Code    72  rtx_mutex.o(.text.osRtxMutexOwnerRestore)
    osRtxPendSV_Handler                      0x080030ad   Thumb Code   128  rtx_system.o(.text.osRtxPendSV_Handler)
    osRtxPostProcess                         0x08003129   Thumb Code    48  rtx_system.o(.text.osRtxPostProcess)
    osRtxThreadDelayTick                     0x08003269   Thumb Code   272  rtx_thread.o(.text.osRtxThreadDelayTick)
    osRtxThreadDispatch                      0x08003375   Thumb Code   104  rtx_thread.o(.text.osRtxThreadDispatch)
    osRtxThreadListGet                       0x0800344b   Thumb Code    28  rtx_thread.o(.text.osRtxThreadListGet)
    osRtxThreadListPut                       0x08003467   Thumb Code    52  rtx_thread.o(.text.osRtxThreadListPut)
    osRtxThreadListRemove                    0x0800349b   Thumb Code    24  rtx_thread.o(.text.osRtxThreadListRemove)
    osRtxThreadListSort                      0x080034bf   Thumb Code    44  rtx_thread.o(.text.osRtxThreadListSort)
    osRtxThreadReadyPut                      0x08003529   Thumb Code    24  rtx_thread.o(.text.osRtxThreadReadyPut)
    osRtxThreadRegPtr                        0x08003541   Thumb Code     6  rtx_thread.o(.text.osRtxThreadRegPtr)
    osRtxThreadStackCheck                    0x08003555   Thumb Code    40  rtx_thread.o(.text.osRtxThreadStackCheck)
    osRtxThreadStartup                       0x0800357d   Thumb Code    76  rtx_thread.o(.text.osRtxThreadStartup)
    osRtxThreadSwitch                        0x080035c1   Thumb Code    28  rtx_thread.o(.text.osRtxThreadSwitch)
    osRtxThreadWaitEnter                     0x080035d9   Thumb Code    72  rtx_thread.o(.text.osRtxThreadWaitEnter)
    osRtxThreadWaitExit                      0x08003621   Thumb Code    44  rtx_thread.o(.text.osRtxThreadWaitExit)
    osRtxTick_Handler                        0x0800364d   Thumb Code   128  rtx_system.o(.text.osRtxTick_Handler)
    osRtxTimerThread                         0x080036c9   Thumb Code    76  rtx_timer.o(.text.osRtxTimerThread)
    osThreadExit                             0x0800376d   Thumb Code    28  rtx_thread.o(.text.osThreadExit)
    osThreadFlagsSet                         0x08003789   Thumb Code    52  rtx_thread.o(.text.osThreadFlagsSet)
    osThreadFlagsWait                        0x080037bd   Thumb Code    68  rtx_thread.o(.text.osThreadFlagsWait)
    osThreadGetId                            0x08003801   Thumb Code    36  rtx_thread.o(.text.osThreadGetId)
    osThreadNew                              0x08003825   Thumb Code    68  rtx_thread.o(.text.osThreadNew)
    __aeabi_uidiv                            0x080043c7   Thumb Code    68  aeabi_sdivfast.o(.text_divfast)
    __aeabi_idiv                             0x0800440b   Thumb Code   426  aeabi_sdivfast.o(.text_divfast)
    __mathlib_flt_divzero                    0x080045b5   Thumb Code    14  funder.o(i.__mathlib_flt_divzero)
    __mathlib_flt_infnan                     0x080045c3   Thumb Code    10  funder.o(i.__mathlib_flt_infnan)
    __mathlib_flt_invalid                    0x080045cd   Thumb Code    12  funder.o(i.__mathlib_flt_invalid)
    __aeabi_fcmplt                           0x080045d9   Thumb Code     0  fcmp.o(i._fls)
    _fls                                     0x080045d9   Thumb Code    22  fcmp.o(i._fls)
    __mathlib_logf                           0x080045f1   Thumb Code     0  logf.o(i.logf)
    logf                                     0x080045f1   Thumb Code   338  logf.o(i.logf)
    __aeabi_fadd                             0x0800476d   Thumb Code     0  faddsub.o(x$fpl$fadd)
    _fadd                                    0x0800476d   Thumb Code   134  faddsub.o(x$fpl$fadd)
    __aeabi_cfcmple                          0x080047f9   Thumb Code     0  flef.o(x$fpl$fleqf)
    _fcmple                                  0x080047f9   Thumb Code    78  flef.o(x$fpl$fleqf)
    __aeabi_fmul                             0x0800484d   Thumb Code     0  fmul.o(x$fpl$fmul)
    _fmul                                    0x0800484d   Thumb Code   172  fmul.o(x$fpl$fmul)
    __aeabi_fsub                             0x080048fd   Thumb Code     0  faddsub.o(x$fpl$fsub)
    _fsub                                    0x080048fd   Thumb Code   204  faddsub.o(x$fpl$fsub)
    __I$use$fp                               0x080049cc   Number         0  usenofp.o(x$fpl$usenofp)
    osRtxConfig                              0x08004a4c   Data         104  rtx_lib.o(.rodata)
    os_cb_sections                           0x08004ab4   Data          56  rtx_lib.o(.rodata)
    AHBPrescTable                            0x08004aec   Data          16  system_stm32l0xx.o(.rodata.AHBPrescTable)
    EventRecorderInfo                        0x08004afc   Data          24  eventrecorder.o(.rodata.EventRecorderInfo)
    PLLMulTable                              0x08004b14   Data           9  system_stm32l0xx.o(.rodata.PLLMulTable)
    app_main_attr                            0x08004b20   Data          36  blinky.o(.rodata.app_main_attr)
    classPriors                              0x08004b44   Data          12  main_1.o(.rodata.classPriors)
    osRtxUserSVC                             0x08004b50   Data           4  rtx_lib.o(.rodata.osRtxUserSVC)
    sigma                                    0x08004bb4   Data          24  main_1.o(.rodata.sigma)
    theta                                    0x08004bd8   Data          24  main_1.o(.rodata.theta)
    Region$$Table$$Base                      0x08004bf0   Number         0  anon$$obj.o(Region$$Table)
    Region$$Table$$Limit                     0x08004c10   Number         0  anon$$obj.o(Region$$Table)
    SystemCoreClock                          0x20000000   Data           4  system_stm32l0xx.o(.data.SystemCoreClock)
    osRtxInfo                                0x20000008   Data         164  rtx_kernel.o(.data.os)
    __libspace_start                         0x20000100   Data          96  libspace.o(.bss)
    __temporary_stack_top$libspace           0x20000160   Data           0  libspace.o(.bss)
    S                                        0x20000168   Data          24  main_1.o(.bss.S)
    app_main_stk                             0x20000180   Data         512  blinky.o(.bss.app_main_stk)
    hrng                                     0x20000380   Data          16  main_1.o(.bss.hrng)
    .bss.os.msgqueue.cb$$Base                0x20003b4c   Number         0  rtx_lib.o(.bss.os.msgqueue.cb)
    .bss.os.msgqueue.cb$$Limit               0x20003b80   Number         0  rtx_lib.o(.bss.os.msgqueue.cb)
    .bss.os.thread.cb$$Base                  0x20003bd0   Number         0  rtx_lib.o(.bss.os.thread.cb)
    .bss.os.thread.cb$$Limit                 0x20003c9c   Number         0  rtx_lib.o(.bss.os.thread.cb)



==============================================================================

Memory Map of the image

  Image Entry point : 0x080000c1

  Load Region LR_IROM1 (Base: 0x08000000, Size: 0x00004d40, Max: 0x00020000, ABSOLUTE)

    Execution Region ER_IROM1 (Exec base: 0x08000000, Load base: 0x08000000, Size: 0x00004c10, Max: 0x00020000, ABSOLUTE)

    Exec Addr    Load Addr    Size         Type   Attr      Idx    E Section Name        Object

    0x08000000   0x08000000   0x000000c0   Data   RO         3634    RESET               startup_stm32l053xx.o
    0x080000c0   0x080000c0   0x00000008   Code   RO         3699  * !!!main             c_p.l(__main.o)
    0x080000c8   0x080000c8   0x0000003c   Code   RO         4071    !!!scatter          c_p.l(__scatter.o)
    0x08000104   0x08000104   0x0000001a   Code   RO         4073    !!handler_copy      c_p.l(__scatter_copy.o)
    0x0800011e   0x0800011e   0x00000002   PAD
    0x08000120   0x08000120   0x0000001c   Code   RO         4075    !!handler_zi        c_p.l(__scatter_zi.o)
    0x0800013c   0x0800013c   0x00000002   Code   RO         3929    .ARM.Collect$$libinit$$00000000  c_p.l(libinit.o)
    0x0800013e   0x0800013e   0x00000000   Code   RO         3946    .ARM.Collect$$libinit$$00000002  c_p.l(libinit2.o)
    0x0800013e   0x0800013e   0x00000000   Code   RO         3948    .ARM.Collect$$libinit$$00000004  c_p.l(libinit2.o)
    0x0800013e   0x0800013e   0x00000000   Code   RO         3951    .ARM.Collect$$libinit$$0000000A  c_p.l(libinit2.o)
    0x0800013e   0x0800013e   0x00000000   Code   RO         3953    .ARM.Collect$$libinit$$0000000C  c_p.l(libinit2.o)
    0x0800013e   0x0800013e   0x00000000   Code   RO         3955    .ARM.Collect$$libinit$$0000000E  c_p.l(libinit2.o)
    0x0800013e   0x0800013e   0x00000000   Code   RO         3958    .ARM.Collect$$libinit$$00000011  c_p.l(libinit2.o)
    0x0800013e   0x0800013e   0x00000000   Code   RO         3960    .ARM.Collect$$libinit$$00000013  c_p.l(libinit2.o)
    0x0800013e   0x0800013e   0x00000000   Code   RO         3962    .ARM.Collect$$libinit$$00000015  c_p.l(libinit2.o)
    0x0800013e   0x0800013e   0x00000000   Code   RO         3964    .ARM.Collect$$libinit$$00000017  c_p.l(libinit2.o)
    0x0800013e   0x0800013e   0x00000000   Code   RO         3966    .ARM.Collect$$libinit$$00000019  c_p.l(libinit2.o)
    0x0800013e   0x0800013e   0x00000000   Code   RO         3968    .ARM.Collect$$libinit$$0000001B  c_p.l(libinit2.o)
    0x0800013e   0x0800013e   0x00000000   Code   RO         3970    .ARM.Collect$$libinit$$0000001D  c_p.l(libinit2.o)
    0x0800013e   0x0800013e   0x00000000   Code   RO         3972    .ARM.Collect$$libinit$$0000001F  c_p.l(libinit2.o)
    0x0800013e   0x0800013e   0x00000000   Code   RO         3974    .ARM.Collect$$libinit$$00000021  c_p.l(libinit2.o)
    0x0800013e   0x0800013e   0x00000000   Code   RO         3976    .ARM.Collect$$libinit$$00000023  c_p.l(libinit2.o)
    0x0800013e   0x0800013e   0x00000000   Code   RO         3978    .ARM.Collect$$libinit$$00000025  c_p.l(libinit2.o)
    0x0800013e   0x0800013e   0x00000000   Code   RO         3982    .ARM.Collect$$libinit$$0000002C  c_p.l(libinit2.o)
    0x0800013e   0x0800013e   0x00000000   Code   RO         3984    .ARM.Collect$$libinit$$0000002E  c_p.l(libinit2.o)
    0x0800013e   0x0800013e   0x00000000   Code   RO         3986    .ARM.Collect$$libinit$$00000030  c_p.l(libinit2.o)
    0x0800013e   0x0800013e   0x00000000   Code   RO         3988    .ARM.Collect$$libinit$$00000032  c_p.l(libinit2.o)
    0x0800013e   0x0800013e   0x00000002   Code   RO         3989    .ARM.Collect$$libinit$$00000033  c_p.l(libinit2.o)
    0x08000140   0x08000140   0x00000002   Code   RO         4026    .ARM.Collect$$libshutdown$$00000000  c_p.l(libshutdown.o)
    0x08000142   0x08000142   0x00000000   Code   RO         4054    .ARM.Collect$$libshutdown$$00000002  c_p.l(libshutdown2.o)
    0x08000142   0x08000142   0x00000000   Code   RO         4056    .ARM.Collect$$libshutdown$$00000004  c_p.l(libshutdown2.o)
    0x08000142   0x08000142   0x00000000   Code   RO         4059    .ARM.Collect$$libshutdown$$00000007  c_p.l(libshutdown2.o)
    0x08000142   0x08000142   0x00000000   Code   RO         4062    .ARM.Collect$$libshutdown$$0000000A  c_p.l(libshutdown2.o)
    0x08000142   0x08000142   0x00000000   Code   RO         4064    .ARM.Collect$$libshutdown$$0000000C  c_p.l(libshutdown2.o)
    0x08000142   0x08000142   0x00000000   Code   RO         4067    .ARM.Collect$$libshutdown$$0000000F  c_p.l(libshutdown2.o)
    0x08000142   0x08000142   0x00000002   Code   RO         4068    .ARM.Collect$$libshutdown$$00000010  c_p.l(libshutdown2.o)
    0x08000144   0x08000144   0x00000000   Code   RO         3817    .ARM.Collect$$rtentry$$00000000  c_p.l(__rtentry.o)
    0x08000144   0x08000144   0x00000000   Code   RO         3887    .ARM.Collect$$rtentry$$00000002  c_p.l(__rtentry2.o)
    0x08000144   0x08000144   0x00000006   Code   RO         3899    .ARM.Collect$$rtentry$$00000004  c_p.l(__rtentry4.o)
    0x0800014a   0x0800014a   0x00000008   Code   RO         3888    .ARM.Collect$$rtentry$$00000008  c_p.l(__rtentry2.o)
    0x08000152   0x08000152   0x00000004   Code   RO         3890    .ARM.Collect$$rtentry$$0000000A  c_p.l(__rtentry2.o)
    0x08000156   0x08000156   0x00000000   Code   RO         3892    .ARM.Collect$$rtentry$$0000000C  c_p.l(__rtentry2.o)
    0x08000156   0x08000156   0x00000008   Code   RO         3893    .ARM.Collect$$rtentry$$0000000D  c_p.l(__rtentry2.o)
    0x0800015e   0x0800015e   0x00000002   Code   RO         3937    .ARM.Collect$$rtexit$$00000000  c_p.l(rtexit.o)
    0x08000160   0x08000160   0x00000000   Code   RO         3997    .ARM.Collect$$rtexit$$00000002  c_p.l(rtexit2.o)
    0x08000160   0x08000160   0x00000004   Code   RO         3998    .ARM.Collect$$rtexit$$00000003  c_p.l(rtexit2.o)
    0x08000164   0x08000164   0x00000006   Code   RO         3999    .ARM.Collect$$rtexit$$00000004  c_p.l(rtexit2.o)
    0x0800016a   0x0800016a   0x00000002   PAD
    0x0800016c   0x0800016c   0x00000038   Code   RO         3683    .emb_text           c_p.l(rt_memcpy.o)
    0x080001a4   0x080001a4   0x000000a4   Code   RO         1246    .text               irq_cm0.o
    0x08000248   0x08000248   0x00000038   Code   RO         3635    .text               startup_stm32l053xx.o
    0x08000280   0x08000280   0x00000082   Code   RO         3684    .text               c_p.l(rt_memcpy.o)
    0x08000302   0x08000302   0x00000040   Code   RO         3687    .text               c_p.l(rt_memclr.o)
    0x08000342   0x08000342   0x00000006   Code   RO         3697    .text               c_p.l(heapauxi.o)
    0x08000348   0x08000348   0x0000007c   Code   RO         3701    .text               fz_ps.l(d2f.o)
    0x080003c4   0x080003c4   0x00000058   Code   RO         3720    .text               fz_ps.l(dflti.o)
    0x0800041c   0x0800041c   0x00000248   Code   RO         3722    .text               fz_ps.l(dmul.o)
    0x08000664   0x08000664   0x00000160   Code   RO         3744    .text               fz_ps.l(fdiv.o)
    0x080007c4   0x080007c4   0x0000005e   Code   RO         3753    .text               fz_ps.l(fflti.o)
    0x08000822   0x08000822   0x00000016   Code   RO         3826    .text               c_p.l(_rserrno.o)
    0x08000838   0x08000838   0x00000044   Code   RO         3846    .text               fz_ps.l(fscalbn.o)
    0x0800087c   0x0800087c   0x00000008   Code   RO         3908    .text               c_p.l(rt_errno_addr_twolibspace.o)
    0x08000884   0x08000884   0x00000064   Code   RO         3912    .text               fz_ps.l(fcmpin.o)
    0x080008e8   0x080008e8   0x00000008   Code   RO         3914    .text               c_p.l(libspace.o)
    0x080008f0   0x080008f0   0x0000003e   Code   RO         3917    .text               c_p.l(sys_stackheap_outer.o)
    0x0800092e   0x0800092e   0x00000010   Code   RO         3920    .text               c_p.l(exit.o)
    0x0800093e   0x0800093e   0x0000002e   Code   RO         3930    .text               fz_ps.l(cmpret.o)
    0x0800096c   0x0800096c   0x00000010   Code   RO         3934    .text               fz_ps.l(fnan2.o)
    0x0800097c   0x0800097c   0x0000005e   Code   RO         3990    .text               fz_ps.l(retnan.o)
    0x080009da   0x080009da   0x00000002   PAD
    0x080009dc   0x080009dc   0x0000000c   Code   RO         3992    .text               c_p.l(sys_exit.o)
    0x080009e8   0x080009e8   0x00000002   Code   RO         4015    .text               c_p.l(use_no_semi.o)
    0x080009ea   0x080009ea   0x00000000   Code   RO         4017    .text               c_p.l(indicate_semi.o)
    0x080009ea   0x080009ea   0x00000004   Code   RO           75    .text.Buttons_GetCount  buttons_nucleo_l053r8.o
    0x080009ee   0x080009ee   0x00000002   PAD
    0x080009f0   0x080009f0   0x00000034   Code   RO           73    .text.Buttons_GetState  buttons_nucleo_l053r8.o
    0x08000a24   0x08000a24   0x00000004   Code   RO           69    .text.Buttons_Initialize  buttons_nucleo_l053r8.o
    0x08000a28   0x08000a28   0x00000024   Code   RO         2421    .text.EventCheckFilter  eventrecorder.o
    0x08000a4c   0x08000a4c   0x00000020   Code   RO         2407    .text.EventGetTS    eventrecorder.o
    0x08000a6c   0x08000a6c   0x00000040   Code   RO         2425    .text.EventRecord2  eventrecorder.o
    0x08000aac   0x08000aac   0x00000074   Code   RO         2427    .text.EventRecord4  eventrecorder.o
    0x08000b20   0x08000b20   0x000000b0   Code   RO         2409    .text.EventRecordItem  eventrecorder.o
    0x08000bd0   0x08000bd0   0x00000058   Code   RO         2405    .text.EventRecorderEnable  eventrecorder.o
    0x08000c28   0x08000c28   0x000000f4   Code   RO         2401    .text.EventRecorderInitialize  eventrecorder.o
    0x08000d1c   0x08000d1c   0x0000002c   Code   RO         2411    .text.EventRecorderStart  eventrecorder.o
    0x08000d48   0x08000d48   0x0000000c   Code   RO         2399    .text.EventRecorderTimerGetCount  eventrecorder.o
    0x08000d54   0x08000d54   0x00000004   Code   RO         2397    .text.EventRecorderTimerGetFreq  eventrecorder.o
    0x08000d58   0x08000d58   0x00000010   Code   RO         2395    .text.EventRecorderTimerSetup  eventrecorder.o
    0x08000d68   0x08000d68   0x00000014   Code   RO         1479    .text.EvrRtxDelay   rtx_evr.o
    0x08000d7c   0x08000d7c   0x00000014   Code   RO         1487    .text.EvrRtxDelayCompleted  rtx_evr.o
    0x08000d90   0x08000d90   0x00000010   Code   RO         1477    .text.EvrRtxDelayError  rtx_evr.o
    0x08000da0   0x08000da0   0x00000014   Code   RO         1483    .text.EvrRtxDelayStarted  rtx_evr.o
    0x08000db4   0x08000db4   0x00000014   Code   RO         1535    .text.EvrRtxEventFlagsWaitTimeout  rtx_evr.o
    0x08000dc8   0x08000dc8   0x00000010   Code   RO         1351    .text.EvrRtxKernelError  rtx_evr.o
    0x08000dd8   0x08000dd8   0x00000014   Code   RO         1361    .text.EvrRtxKernelGetState  rtx_evr.o
    0x08000dec   0x08000dec   0x00000014   Code   RO         1387    .text.EvrRtxKernelGetTickCount  rtx_evr.o
    0x08000e00   0x08000e00   0x00000014   Code   RO         1353    .text.EvrRtxKernelInitialize  rtx_evr.o
    0x08000e14   0x08000e14   0x00000014   Code   RO         1355    .text.EvrRtxKernelInitialized  rtx_evr.o
    0x08000e28   0x08000e28   0x00000014   Code   RO         1363    .text.EvrRtxKernelStart  rtx_evr.o
    0x08000e3c   0x08000e3c   0x00000014   Code   RO         1365    .text.EvrRtxKernelStarted  rtx_evr.o
    0x08000e50   0x08000e50   0x00000020   Code   RO         1341    .text.EvrRtxMemoryAlloc  rtx_evr.o
    0x08000e70   0x08000e70   0x00000014   Code   RO         1347    .text.EvrRtxMemoryBlockAlloc  rtx_evr.o
    0x08000e84   0x08000e84   0x00000020   Code   RO         1349    .text.EvrRtxMemoryBlockFree  rtx_evr.o
    0x08000ea4   0x08000ea4   0x00000020   Code   RO         1345    .text.EvrRtxMemoryBlockInit  rtx_evr.o
    0x08000ec4   0x08000ec4   0x00000020   Code   RO         1343    .text.EvrRtxMemoryFree  rtx_evr.o
    0x08000ee4   0x08000ee4   0x0000001c   Code   RO         1339    .text.EvrRtxMemoryInit  rtx_evr.o
    0x08000f00   0x08000f00   0x00000014   Code   RO         1613    .text.EvrRtxMemoryPoolAllocTimeout  rtx_evr.o
    0x08000f14   0x08000f14   0x00000014   Code   RO         1641    .text.EvrRtxMessageQueueCreated  rtx_evr.o
    0x08000f28   0x08000f28   0x00000010   Code   RO         1637    .text.EvrRtxMessageQueueError  rtx_evr.o
    0x08000f38   0x08000f38   0x00000020   Code   RO         1657    .text.EvrRtxMessageQueueGet  rtx_evr.o
    0x08000f58   0x08000f58   0x00000020   Code   RO         1659    .text.EvrRtxMessageQueueGetPending  rtx_evr.o
    0x08000f78   0x08000f78   0x00000014   Code   RO         1661    .text.EvrRtxMessageQueueGetTimeout  rtx_evr.o
    0x08000f8c   0x08000f8c   0x00000014   Code   RO         1651    .text.EvrRtxMessageQueueInsertPending  rtx_evr.o
    0x08000fa0   0x08000fa0   0x00000014   Code   RO         1653    .text.EvrRtxMessageQueueInserted  rtx_evr.o
    0x08000fb4   0x08000fb4   0x00000020   Code   RO         1639    .text.EvrRtxMessageQueueNew  rtx_evr.o
    0x08000fd4   0x08000fd4   0x00000014   Code   RO         1655    .text.EvrRtxMessageQueueNotInserted  rtx_evr.o
    0x08000fe8   0x08000fe8   0x00000014   Code   RO         1665    .text.EvrRtxMessageQueueNotRetrieved  rtx_evr.o
    0x08000ffc   0x08000ffc   0x00000020   Code   RO         1645    .text.EvrRtxMessageQueuePut  rtx_evr.o
    0x0800101c   0x0800101c   0x00000020   Code   RO         1647    .text.EvrRtxMessageQueuePutPending  rtx_evr.o
    0x0800103c   0x0800103c   0x00000014   Code   RO         1649    .text.EvrRtxMessageQueuePutTimeout  rtx_evr.o
    0x08001050   0x08001050   0x00000014   Code   RO         1663    .text.EvrRtxMessageQueueRetrieved  rtx_evr.o
    0x08001064   0x08001064   0x00000014   Code   RO         1557    .text.EvrRtxMutexAcquireTimeout  rtx_evr.o
    0x08001078   0x08001078   0x00000014   Code   RO         1559    .text.EvrRtxMutexAcquired  rtx_evr.o
    0x0800108c   0x0800108c   0x00000014   Code   RO         1565    .text.EvrRtxMutexReleased  rtx_evr.o
    0x080010a0   0x080010a0   0x00000014   Code   RO         1585    .text.EvrRtxSemaphoreAcquireTimeout  rtx_evr.o
    0x080010b4   0x080010b4   0x00000014   Code   RO         1437    .text.EvrRtxThreadBlocked  rtx_evr.o
    0x080010c8   0x080010c8   0x00000020   Code   RO         1399    .text.EvrRtxThreadCreated  rtx_evr.o
    0x080010e8   0x080010e8   0x00000014   Code   RO         1449    .text.EvrRtxThreadDestroyed  rtx_evr.o
    0x080010fc   0x080010fc   0x00000010   Code   RO         1395    .text.EvrRtxThreadError  rtx_evr.o
    0x0800110c   0x0800110c   0x00000014   Code   RO         1445    .text.EvrRtxThreadExit  rtx_evr.o
    0x08001120   0x08001120   0x00000010   Code   RO         1455    .text.EvrRtxThreadFlagsError  rtx_evr.o
    0x08001130   0x08001130   0x00000014   Code   RO         1457    .text.EvrRtxThreadFlagsSet  rtx_evr.o
    0x08001144   0x08001144   0x00000014   Code   RO         1459    .text.EvrRtxThreadFlagsSetDone  rtx_evr.o
    0x08001158   0x08001158   0x00000020   Code   RO         1467    .text.EvrRtxThreadFlagsWait  rtx_evr.o
    0x08001178   0x08001178   0x00000020   Code   RO         1473    .text.EvrRtxThreadFlagsWaitCompleted  rtx_evr.o
    0x08001198   0x08001198   0x00000014   Code   RO         1475    .text.EvrRtxThreadFlagsWaitNotCompleted  rtx_evr.o
    0x080011ac   0x080011ac   0x00000020   Code   RO         1469    .text.EvrRtxThreadFlagsWaitPending  rtx_evr.o
    0x080011cc   0x080011cc   0x00000014   Code   RO         1471    .text.EvrRtxThreadFlagsWaitTimeout  rtx_evr.o
    0x080011e0   0x080011e0   0x00000014   Code   RO         1403    .text.EvrRtxThreadGetId  rtx_evr.o
    0x080011f4   0x080011f4   0x00000014   Code   RO         1435    .text.EvrRtxThreadJoined  rtx_evr.o
    0x08001208   0x08001208   0x00000020   Code   RO         1397    .text.EvrRtxThreadNew  rtx_evr.o
    0x08001228   0x08001228   0x00000014   Code   RO         1441    .text.EvrRtxThreadPreempted  rtx_evr.o
    0x0800123c   0x0800123c   0x00000014   Code   RO         1443    .text.EvrRtxThreadSwitched  rtx_evr.o
    0x08001250   0x08001250   0x00000014   Code   RO         1439    .text.EvrRtxThreadUnblocked  rtx_evr.o
    0x08001264   0x08001264   0x00000014   Code   RO         1491    .text.EvrRtxTimerCallback  rtx_evr.o
    0x08001278   0x08001278   0x00000008   Code   RO         2423    .text.GetContext    eventrecorder.o
    0x08001280   0x08001280   0x00000010   Code   RO         2437    .text.GetRecordIndex  eventrecorder.o
    0x08001290   0x08001290   0x00000020   Code   RO         2476    .text.HAL_Delay     stm32l0xx_hal.o
    0x080012b0   0x080012b0   0x00000198   Code   RO         2836    .text.HAL_GPIO_Init  stm32l0xx_hal_gpio.o
    0x08001448   0x08001448   0x0000000e   Code   RO         2840    .text.HAL_GPIO_ReadPin  stm32l0xx_hal_gpio.o
    0x08001456   0x08001456   0x00000010   Code   RO         2842    .text.HAL_GPIO_WritePin  stm32l0xx_hal_gpio.o
    0x08001466   0x08001466   0x00000002   PAD
    0x08001468   0x08001468   0x00000048   Code   RO           38    .text.HAL_GetTick   main_1.o
    0x080014b0   0x080014b0   0x00000028   Code   RO         2462    .text.HAL_Init      stm32l0xx_hal.o
    0x080014d8   0x080014d8   0x00000030   Code   RO         2464    .text.HAL_InitTick  stm32l0xx_hal.o
    0x08001508   0x08001508   0x00000040   Code   RO         3640    .text.HAL_MspInit   stm32l0xx_hal_msp.o
    0x08001548   0x08001548   0x00000008   Code   RO         2562    .text.HAL_NVIC_SetPriority  stm32l0xx_hal_cortex.o
    0x08001550   0x08001550   0x000001e8   Code   RO         3216    .text.HAL_RCCEx_PeriphCLKConfig  stm32l0xx_hal_rcc_ex.o
    0x08001738   0x08001738   0x000001a4   Code   RO         3185    .text.HAL_RCC_ClockConfig  stm32l0xx_hal_rcc.o
    0x080018dc   0x080018dc   0x0000000c   Code   RO         3191    .text.HAL_RCC_GetHCLKFreq  stm32l0xx_hal_rcc.o
    0x080018e8   0x080018e8   0x00000090   Code   RO         3183    .text.HAL_RCC_GetSysClockFreq  stm32l0xx_hal_rcc.o
    0x08001978   0x08001978   0x0000052c   Code   RO         3181    .text.HAL_RCC_OscConfig  stm32l0xx_hal_rcc.o
    0x08001ea4   0x08001ea4   0x0000005a   Code   RO         3273    .text.HAL_RNG_GenerateRandomNumber  stm32l0xx_hal_rng.o
    0x08001efe   0x08001efe   0x00000032   Code   RO         3265    .text.HAL_RNG_Init  stm32l0xx_hal_rng.o
    0x08001f30   0x08001f30   0x00000028   Code   RO         3642    .text.HAL_RNG_MspInit  stm32l0xx_hal_msp.o
    0x08001f58   0x08001f58   0x00000018   Code   RO         2598    .text.HAL_SYSTICK_CLKSourceConfig  stm32l0xx_hal_cortex.o
    0x08001f70   0x08001f70   0x00000008   Code   RO         2578    .text.HAL_SYSTICK_Config  stm32l0xx_hal_cortex.o
    0x08001f78   0x08001f78   0x00000002   Code   RO           26    .text.HardFault_Handler  stm32l0xx_it.o
    0x08001f7a   0x08001f7a   0x00000002   PAD
    0x08001f7c   0x08001f7c   0x0000000c   Code   RO         2431    .text.IncrementOverflowTS  eventrecorder.o
    0x08001f88   0x08001f88   0x0000000c   Code   RO         2445    .text.IncrementRecordsDumped  eventrecorder.o
    0x08001f94   0x08001f94   0x00000010   Code   RO         2443    .text.IncrementRecordsWritten  eventrecorder.o
    0x08001fa4   0x08001fa4   0x0000000e   Code   RO         1257    .text.IsIrqMasked   rtx_delay.o
    0x08001fb2   0x08001fb2   0x0000000e   Code   RO         1700    .text.IsIrqMasked   rtx_kernel.o
    0x08001fc0   0x08001fc0   0x0000000e   Code   RO         1914    .text.IsIrqMasked   rtx_msgqueue.o
    0x08001fce   0x08001fce   0x0000000e   Code   RO         2184    .text.IsIrqMasked   rtx_thread.o
    0x08001fdc   0x08001fdc   0x0000000e   Code   RO         1255    .text.IsIrqMode     rtx_delay.o
    0x08001fea   0x08001fea   0x0000000e   Code   RO         1698    .text.IsIrqMode     rtx_kernel.o
    0x08001ff8   0x08001ff8   0x0000000e   Code   RO         1912    .text.IsIrqMode     rtx_msgqueue.o
    0x08002006   0x08002006   0x0000000e   Code   RO         2182    .text.IsIrqMode     rtx_thread.o
    0x08002014   0x08002014   0x00000010   Code   RO         1704    .text.IsPrivileged  rtx_kernel.o
    0x08002024   0x08002024   0x00000004   Code   RO           99    .text.LED_GetCount  led_nucleo_l053r8.o
    0x08002028   0x08002028   0x00000004   Code   RO           89    .text.LED_Initialize  led_nucleo_l053r8.o
    0x0800202c   0x0800202c   0x0000001c   Code   RO           95    .text.LED_Off       led_nucleo_l053r8.o
    0x08002048   0x08002048   0x0000001c   Code   RO           93    .text.LED_On        led_nucleo_l053r8.o
    0x08002064   0x08002064   0x0000002c   Code   RO         2439    .text.LockRecord    eventrecorder.o
    0x08002090   0x08002090   0x00000068   Code   RO           44    .text.MX_GPIO_Init  main_1.o
    0x080020f8   0x080020f8   0x00000018   Code   RO           46    .text.MX_RNG_Init   main_1.o
    0x08002110   0x08002110   0x00000004   Code   RO         1824    .text.MemBlockPtr   rtx_memory.o
    0x08002114   0x08002114   0x00000002   Code   RO         1822    .text.MemHeadPtr    rtx_memory.o
    0x08002116   0x08002116   0x0000004a   Code   RO         1964    .text.MessageQueueGet  rtx_msgqueue.o
    0x08002160   0x08002160   0x0000005e   Code   RO         1954    .text.MessageQueuePut  rtx_msgqueue.o
    0x080021be   0x080021be   0x00000028   Code   RO         1950    .text.MessageQueueRemove  rtx_msgqueue.o
    0x080021e6   0x080021e6   0x00000002   Code   RO           24    .text.NMI_Handler   stm32l0xx_it.o
    0x080021e8   0x080021e8   0x00000008   Code   RO         2356    .text.OS_Tick_AcknowledgeIRQ  os_systick.o
    0x080021f0   0x080021f0   0x00000020   Code   RO         2352    .text.OS_Tick_Enable  os_systick.o
    0x08002210   0x08002210   0x00000006   Code   RO         2358    .text.OS_Tick_GetIRQn  os_systick.o
    0x08002216   0x08002216   0x00000002   PAD
    0x08002218   0x08002218   0x00000040   Code   RO         2350    .text.OS_Tick_Setup  os_systick.o
    0x08002258   0x08002258   0x00000028   Code   RO         1746    .text.SVC_Setup     rtx_kernel.o
    0x08002280   0x08002280   0x00000010   Code   RO         2109    .text.SetPendSV     rtx_system.o
    0x08002290   0x08002290   0x00000028   Code   RO         2580    .text.SysTick_Config  stm32l0xx_hal_cortex.o
    0x080022b8   0x080022b8   0x0000007c   Code   RO           42    .text.SystemClock_Config  main_1.o
    0x08002334   0x08002334   0x00000094   Code   RO         3659    .text.SystemCoreClockUpdate  system_stm32l0xx.o
    0x080023c8   0x080023c8   0x00000050   Code   RO         3657    .text.SystemInit    system_stm32l0xx.o
    0x08002418   0x08002418   0x00000064   Code   RO         2232    .text.ThreadFlagsCheck  rtx_thread.o
    0x0800247c   0x0800247c   0x0000001a   Code   RO         2274    .text.ThreadFlagsSet  rtx_thread.o
    0x08002496   0x08002496   0x00000002   PAD
    0x08002498   0x08002498   0x00000048   Code   RO         2321    .text.TimerInsert   rtx_timer.o
    0x080024e0   0x080024e0   0x00000014   Code   RO         2319    .text.TimerUnlink   rtx_timer.o
    0x080024f4   0x080024f4   0x00000024   Code   RO         2441    .text.UnlockRecord  eventrecorder.o
    0x08002518   0x08002518   0x00000008   Code   RO         2429    .text.UpdateTS      eventrecorder.o
    0x08002520   0x08002520   0x00000040   Code   RO         2564    .text.__NVIC_SetPriority  stm32l0xx_hal_cortex.o
    0x08002560   0x08002560   0x00000050   Code   RO         1783    .text.__user_perthread_libspace  rtx_lib.o
    0x080025b0   0x080025b0   0x00000008   Code   RO         1781    .text._platform_post_stackheap_init  rtx_lib.o
    0x080025b8   0x080025b8   0x0000005c   Code   RO            2    .text.app_main      blinky.o
    0x08002614   0x08002614   0x000000d4   Code   RO          220    .text.arm_gaussian_naive_bayes_predict_f32  bayesfunctions.o
    0x080026e8   0x080026e8   0x00000056   Code   RO          903    .text.arm_max_f32   statisticsfunctions.o
    0x0800273e   0x0800273e   0x0000001a   Code   RO         2435    .text.atomic_inc32  eventrecorder.o
    0x08002758   0x08002758   0x0000001c   Code   RO         2447    .text.atomic_inc8   eventrecorder.o
    0x08002774   0x08002774   0x00000020   Code   RO         2433    .text.atomic_xch32  eventrecorder.o
    0x08002794   0x08002794   0x00000054   Code   RO         2403    .text.crc16_ccitt   eventrecorder.o
    0x080027e8   0x080027e8   0x0000007a   Code   RO         1924    .text.isrRtxMessageQueueGet  rtx_msgqueue.o
    0x08002862   0x08002862   0x00000088   Code   RO         1920    .text.isrRtxMessageQueuePut  rtx_msgqueue.o
    0x080028ea   0x080028ea   0x0000005c   Code   RO         2222    .text.isrRtxThreadFlagsSet  rtx_thread.o
    0x08002946   0x08002946   0x00000002   PAD
    0x08002948   0x08002948   0x00000040   Code   RO         2093    .text.isr_queue_get  rtx_system.o
    0x08002988   0x08002988   0x00000044   Code   RO         2107    .text.isr_queue_put  rtx_system.o
    0x080029cc   0x080029cc   0x000000c0   Code   RO           40    .text.main          main_1.o
    0x08002a8c   0x08002a8c   0x00000034   Code   RO         1253    .text.osDelay       rtx_delay.o
    0x08002ac0   0x08002ac0   0x0000002c   Code   RO         1708    .text.osKernelGetState  rtx_kernel.o
    0x08002aec   0x08002aec   0x00000024   Code   RO         1724    .text.osKernelGetTickCount  rtx_kernel.o
    0x08002b10   0x08002b10   0x00000034   Code   RO         1696    .text.osKernelInitialize  rtx_kernel.o
    0x08002b44   0x08002b44   0x00000030   Code   RO         1712    .text.osKernelStart  rtx_kernel.o
    0x08002b74   0x08002b74   0x00000044   Code   RO         1922    .text.osMessageQueueGet  rtx_msgqueue.o
    0x08002bb8   0x08002bb8   0x00000044   Code   RO         1910    .text.osMessageQueueNew  rtx_msgqueue.o
    0x08002bfc   0x08002bfc   0x00000044   Code   RO         1918    .text.osMessageQueuePut  rtx_msgqueue.o
    0x08002c40   0x08002c40   0x00000002   Code   RO         2382    .text.osRtxErrorNotify  rtx_config.o
    0x08002c42   0x08002c42   0x00000002   Code   RO         2097    .text.osRtxEventFlagsObject  rtx_system.o
    0x08002c44   0x08002c44   0x00000002   Code   RO         2142    .text.osRtxEventFlagsObject  rtx_thread.o
    0x08002c46   0x08002c46   0x00000002   Code   RO         2380    .text.osRtxIdleThread  rtx_config.o
    0x08002c48   0x08002c48   0x00000008   Code   RO         2089    .text.osRtxKernelGetState  rtx_system.o
    0x08002c50   0x08002c50   0x00000008   Code   RO         2160    .text.osRtxKernelGetState  rtx_thread.o
    0x08002c58   0x08002c58   0x00000002   Code   RO         1694    .text.osRtxKernelPreInit  rtx_kernel.o
    0x08002c5a   0x08002c5a   0x00000002   PAD
    0x08002c5c   0x08002c5c   0x0000000c   Code   RO         1742    .text.osRtxKernelState  rtx_kernel.o
    0x08002c68   0x08002c68   0x000000c0   Code   RO         1826    .text.osRtxMemoryAlloc  rtx_memory.o
    0x08002d28   0x08002d28   0x00000080   Code   RO         1828    .text.osRtxMemoryFree  rtx_memory.o
    0x08002da8   0x08002da8   0x00000066   Code   RO         1820    .text.osRtxMemoryInit  rtx_memory.o
    0x08002e0e   0x08002e0e   0x0000003e   Code   RO         1843    .text.osRtxMemoryPoolAlloc  rtx_mempool.o
    0x08002e4c   0x08002e4c   0x00000048   Code   RO         1845    .text.osRtxMemoryPoolFree  rtx_mempool.o
    0x08002e94   0x08002e94   0x0000005c   Code   RO         1841    .text.osRtxMemoryPoolInit  rtx_mempool.o
    0x08002ef0   0x08002ef0   0x00000002   Code   RO         2101    .text.osRtxMemoryPoolObject  rtx_system.o
    0x08002ef2   0x08002ef2   0x00000002   Code   RO         2148    .text.osRtxMemoryPoolObject  rtx_thread.o
    0x08002ef4   0x08002ef4   0x00000002   Code   RO         2103    .text.osRtxMessageObject  rtx_system.o
    0x08002ef6   0x08002ef6   0x00000002   Code   RO         1958    .text.osRtxMessageQueueId  rtx_msgqueue.o
    0x08002ef8   0x08002ef8   0x00000002   Code   RO         2299    .text.osRtxMessageQueueId  rtx_timer.o
    0x08002efa   0x08002efa   0x00000002   Code   RO         2150    .text.osRtxMessageQueueObject  rtx_thread.o
    0x08002efc   0x08002efc   0x000000fe   Code   RO         1948    .text.osRtxMessageQueuePostProcess  rtx_msgqueue.o
    0x08002ffa   0x08002ffa   0x00000002   Code   RO         2144    .text.osRtxMutexObject  rtx_thread.o
    0x08002ffc   0x08002ffc   0x00000060   Code   RO         1983    .text.osRtxMutexOwnerRelease  rtx_mutex.o
    0x0800305c   0x0800305c   0x00000048   Code   RO         1987    .text.osRtxMutexOwnerRestore  rtx_mutex.o
    0x080030a4   0x080030a4   0x00000002   Code   RO         1952    .text.osRtxObject   rtx_msgqueue.o
    0x080030a6   0x080030a6   0x00000002   Code   RO         1985    .text.osRtxObject   rtx_mutex.o
    0x080030a8   0x080030a8   0x00000002   Code   RO         2111    .text.osRtxObject   rtx_system.o
    0x080030aa   0x080030aa   0x00000002   Code   RO         2132    .text.osRtxObject   rtx_thread.o
    0x080030ac   0x080030ac   0x0000007c   Code   RO         2091    .text.osRtxPendSV_Handler  rtx_system.o
    0x08003128   0x08003128   0x0000002c   Code   RO         2105    .text.osRtxPostProcess  rtx_system.o
    0x08003154   0x08003154   0x00000002   Code   RO         2099    .text.osRtxSemaphoreObject  rtx_system.o
    0x08003156   0x08003156   0x00000002   Code   RO         2146    .text.osRtxSemaphoreObject  rtx_thread.o
    0x08003158   0x08003158   0x00000040   Code   RO         2164    .text.osRtxThreadBlock  rtx_thread.o
    0x08003198   0x08003198   0x00000088   Code   RO         2172    .text.osRtxThreadDelayInsert  rtx_thread.o
    0x08003220   0x08003220   0x00000048   Code   RO         2168    .text.osRtxThreadDelayRemove  rtx_thread.o
    0x08003268   0x08003268   0x0000010c   Code   RO         2138    .text.osRtxThreadDelayTick  rtx_thread.o
    0x08003374   0x08003374   0x00000064   Code   RO         2158    .text.osRtxThreadDispatch  rtx_thread.o
    0x080033d8   0x080033d8   0x00000054   Code   RO         2260    .text.osRtxThreadFree  rtx_thread.o
    0x0800342c   0x0800342c   0x00000008   Code   RO         1263    .text.osRtxThreadGetRunning  rtx_delay.o
    0x08003434   0x08003434   0x00000008   Code   RO         1962    .text.osRtxThreadGetRunning  rtx_msgqueue.o
    0x0800343c   0x0800343c   0x0000000c   Code   RO         2162    .text.osRtxThreadGetRunning  rtx_thread.o
    0x08003448   0x08003448   0x00000002   Code   RO         2176    .text.osRtxThreadId  rtx_thread.o
    0x0800344a   0x0800344a   0x0000001c   Code   RO         2128    .text.osRtxThreadListGet  rtx_thread.o
    0x08003466   0x08003466   0x00000034   Code   RO         2124    .text.osRtxThreadListPut  rtx_thread.o
    0x0800349a   0x0800349a   0x00000018   Code   RO         2134    .text.osRtxThreadListRemove  rtx_thread.o
    0x080034b2   0x080034b2   0x0000000c   Code   RO         2140    .text.osRtxThreadListRoot  rtx_thread.o
    0x080034be   0x080034be   0x0000002c   Code   RO         2130    .text.osRtxThreadListSort  rtx_thread.o
    0x080034ea   0x080034ea   0x00000002   Code   RO         2095    .text.osRtxThreadObject  rtx_system.o
    0x080034ec   0x080034ec   0x00000002   Code   RO         2126    .text.osRtxThreadObject  rtx_thread.o
    0x080034ee   0x080034ee   0x00000038   Code   RO         2230    .text.osRtxThreadPostProcess  rtx_thread.o
    0x08003526   0x08003526   0x00000002   PAD
    0x08003528   0x08003528   0x00000018   Code   RO         2136    .text.osRtxThreadReadyPut  rtx_thread.o
    0x08003540   0x08003540   0x00000006   Code   RO         2152    .text.osRtxThreadRegPtr  rtx_thread.o
    0x08003546   0x08003546   0x00000002   PAD
    0x08003548   0x08003548   0x0000000c   Code   RO         2266    .text.osRtxThreadSetRunning  rtx_thread.o
    0x08003554   0x08003554   0x00000028   Code   RO         2156    .text.osRtxThreadStackCheck  rtx_thread.o
    0x0800357c   0x0800357c   0x00000044   Code   RO         2174    .text.osRtxThreadStartup  rtx_thread.o
    0x080035c0   0x080035c0   0x00000018   Code   RO         2154    .text.osRtxThreadSwitch  rtx_thread.o
    0x080035d8   0x080035d8   0x00000048   Code   RO         2170    .text.osRtxThreadWaitEnter  rtx_thread.o
    0x08003620   0x08003620   0x0000002c   Code   RO         2166    .text.osRtxThreadWaitExit  rtx_thread.o
    0x0800364c   0x0800364c   0x0000007c   Code   RO         2087    .text.osRtxTick_Handler  rtx_system.o
    0x080036c8   0x080036c8   0x00000048   Code   RO         2297    .text.osRtxTimerThread  rtx_timer.o
    0x08003710   0x08003710   0x0000005c   Code   RO         2301    .text.osRtxTimerTick  rtx_timer.o
    0x0800376c   0x0800376c   0x0000001c   Code   RO         2212    .text.osThreadExit  rtx_thread.o
    0x08003788   0x08003788   0x00000034   Code   RO         2220    .text.osThreadFlagsSet  rtx_thread.o
    0x080037bc   0x080037bc   0x00000044   Code   RO         2228    .text.osThreadFlagsWait  rtx_thread.o
    0x08003800   0x08003800   0x00000024   Code   RO         2188    .text.osThreadGetId  rtx_thread.o
    0x08003824   0x08003824   0x00000044   Code   RO         2180    .text.osThreadNew   rtx_thread.o
    0x08003868   0x08003868   0x00000020   Code   RO         1785    .text.os_kernel_is_active  rtx_lib.o
    0x08003888   0x08003888   0x0000002a   Code   RO         1261    .text.svcRtxDelay   rtx_delay.o
    0x080038b2   0x080038b2   0x00000010   Code   RO         1710    .text.svcRtxKernelGetState  rtx_kernel.o
    0x080038c2   0x080038c2   0x00000002   PAD
    0x080038c4   0x080038c4   0x00000014   Code   RO         1726    .text.svcRtxKernelGetTickCount  rtx_kernel.o
    0x080038d8   0x080038d8   0x00000150   Code   RO         1740    .text.svcRtxKernelInitialize  rtx_kernel.o
    0x08003a28   0x08003a28   0x00000090   Code   RO         1744    .text.svcRtxKernelStart  rtx_kernel.o
    0x08003ab8   0x08003ab8   0x00000132   Code   RO         1966    .text.svcRtxMessageQueueGet  rtx_msgqueue.o
    0x08003bea   0x08003bea   0x00000002   PAD
    0x08003bec   0x08003bec   0x00000214   Code   RO         1946    .text.svcRtxMessageQueueNew  rtx_msgqueue.o
    0x08003e00   0x08003e00   0x0000011c   Code   RO         1960    .text.svcRtxMessageQueuePut  rtx_msgqueue.o
    0x08003f1c   0x08003f1c   0x00000078   Code   RO         2264    .text.svcRtxThreadExit  rtx_thread.o
    0x08003f94   0x08003f94   0x0000009c   Code   RO         2276    .text.svcRtxThreadFlagsSet  rtx_thread.o
    0x08004030   0x08004030   0x0000008a   Code   RO         2284    .text.svcRtxThreadFlagsWait  rtx_thread.o
    0x080040ba   0x080040ba   0x00000010   Code   RO         2190    .text.svcRtxThreadGetId  rtx_thread.o
    0x080040ca   0x080040ca   0x00000002   PAD
    0x080040cc   0x080040cc   0x00000284   Code   RO         2178    .text.svcRtxThreadNew  rtx_thread.o
    0x08004350   0x08004350   0x00000034   Code   RO            4    .text.thrBUT        blinky.o
    0x08004384   0x08004384   0x00000042   Code   RO            6    .text.thrLED        blinky.o
    0x080043c6   0x080043c6   0x000001ee   Code   RO         3690    .text_divfast       c_p.l(aeabi_sdivfast.o)
    0x080045b4   0x080045b4   0x0000000e   Code   RO         3869    i.__mathlib_flt_divzero  m_ps.l(funder.o)
    0x080045c2   0x080045c2   0x0000000a   Code   RO         3870    i.__mathlib_flt_infnan  m_ps.l(funder.o)
    0x080045cc   0x080045cc   0x0000000c   Code   RO         3872    i.__mathlib_flt_invalid  m_ps.l(funder.o)
    0x080045d8   0x080045d8   0x00000016   Code   RO         3736    i._fls              fz_ps.l(fcmp.o)
    0x080045ee   0x080045ee   0x00000002   PAD
    0x080045f0   0x080045f0   0x0000017c   Code   RO         3782    i.logf              m_ps.l(logf.o)
    0x0800476c   0x0800476c   0x0000008c   Code   RO         3726    x$fpl$fadd          fz_ps.l(faddsub.o)
    0x080047f8   0x080047f8   0x00000054   Code   RO         3842    x$fpl$fleqf         fz_ps.l(flef.o)
    0x0800484c   0x0800484c   0x000000b0   Code   RO         3755    x$fpl$fmul          fz_ps.l(fmul.o)
    0x080048fc   0x080048fc   0x000000d0   Code   RO         3728    x$fpl$fsub          fz_ps.l(faddsub.o)
    0x080049cc   0x080049cc   0x00000000   Code   RO         3852    x$fpl$usenofp       fz_ps.l(usenofp.o)
    0x080049cc   0x080049cc   0x00000040   Data   RO         3745    .constdata          fz_ps.l(fdiv.o)
    0x08004a0c   0x08004a0c   0x00000040   Data   RO         3783    .constdata          m_ps.l(logf.o)
    0x08004a4c   0x08004a4c   0x000000a0   Data   RO         1800    .rodata             rtx_lib.o
    0x08004aec   0x08004aec   0x00000010   Data   RO         3662    .rodata.AHBPrescTable  system_stm32l0xx.o
    0x08004afc   0x08004afc   0x00000018   Data   RO         2450    .rodata.EventRecorderInfo  eventrecorder.o
    0x08004b14   0x08004b14   0x00000009   Data   RO         3664    .rodata.PLLMulTable  system_stm32l0xx.o
    0x08004b1d   0x08004b1d   0x00000003   PAD
    0x08004b20   0x08004b20   0x00000024   Data   RO            9    .rodata.app_main_attr  blinky.o
    0x08004b44   0x08004b44   0x0000000c   Data   RO           52    .rodata.classPriors  main_1.o
    0x08004b50   0x08004b50   0x00000004   Data   RO         1802    .rodata.osRtxUserSVC  rtx_lib.o
    0x08004b54   0x08004b54   0x00000024   Data   RO         1797    .rodata.os_idle_thread_attr  rtx_lib.o
    0x08004b78   0x08004b78   0x00000018   Data   RO         1799    .rodata.os_timer_mq_attr  rtx_lib.o
    0x08004b90   0x08004b90   0x00000024   Data   RO         1798    .rodata.os_timer_thread_attr  rtx_lib.o
    0x08004bb4   0x08004bb4   0x00000018   Data   RO           51    .rodata.sigma       main_1.o
    0x08004bcc   0x08004bcc   0x0000000b   Data   RO         1768    .rodata.str1.4      rtx_kernel.o
    0x08004bd7   0x08004bd7   0x00000001   PAD
    0x08004bd8   0x08004bd8   0x00000018   Data   RO           50    .rodata.theta       main_1.o
    0x08004bf0   0x08004bf0   0x00000020   Data   RO         4069    Region$$Table       anon$$obj.o


    Execution Region RW_IRAM1 (Exec base: 0x20000000, Load base: 0x08004c40, Size: 0x000048b0, Max: 0x00005000, ABSOLUTE)

    Exec Addr    Load Addr    Size         Type   Attr      Idx    E Section Name        Object

    0x20000000   0x08004c40   0x00000004   Data   RW         3661    .data.SystemCoreClock  system_stm32l0xx.o
    0x20000004   0x08004c44   0x00000004   Data   RW           12    .data.delay_val     blinky.o
    0x20000008   0x08004c48   0x000000a4   Data   RW         1769    .data.os            rtx_kernel.o
    0x200000ac   0x08004cec   0x00000018   Data   RW         1796    .data.os.thread.mpi  rtx_lib.o
    0x200000c4   0x08004d04   0x0000003c   PAD
    0x20000100        -       0x00000060   Zero   RW         3915    .bss                c_p.l(libspace.o)
    0x20000160        -       0x00000004   Zero   RW           53    .bss.HAL_GetTick.ticks  main_1.o
    0x20000164        -       0x00000001   Zero   RW         2368    .bss.PendST         os_systick.o
    0x20000165   0x08004d04   0x00000003   PAD
    0x20000168        -       0x00000018   Zero   RW           54    .bss.S              main_1.o
    0x20000180        -       0x00000200   Zero   RW            8    .bss.app_main_stk   blinky.o
    0x20000380        -       0x00000010   Zero   RW           55    .bss.hrng           main_1.o
    0x20000390   0x08004d04   0x00000030   PAD
    0x200003c0        -       0x000004a8   Zero   RW         2449    .bss.noinit         eventrecorder.o
    0x20000868        -       0x00003220   Zero   RW         1795    .bss.os             rtx_lib.o
    0x20003a88        -       0x000000c4   Zero   RW         1803    .bss.os.libspace    rtx_lib.o
    0x20003b4c        -       0x00000034   Zero   RW         1806    .bss.os.msgqueue.cb  rtx_lib.o
    0x20003b80        -       0x00000050   Zero   RW         1807    .bss.os.msgqueue.mem  rtx_lib.o
    0x20003bd0        -       0x000000cc   Zero   RW         1804    .bss.os.thread.cb   rtx_lib.o
    0x20003c9c   0x08004d04   0x00000004   PAD
    0x20003ca0        -       0x00000600   Zero   RW         1805    .bss.os.thread.stack  rtx_lib.o
    0x200042a0        -       0x00000001   Zero   RW         1808    .bss.os_kernel_is_active.os_kernel_active  rtx_lib.o
    0x200042a1   0x08004d04   0x00000003   PAD
    0x200042a4        -       0x00000004   Zero   RW           10    .bss.tid_thrBUT     blinky.o
    0x200042a8        -       0x00000004   Zero   RW           11    .bss.tid_thrLED     blinky.o
    0x200042ac   0x08004d04   0x00000004   PAD
    0x200042b0        -       0x00000200   Zero   RW         3633    HEAP                startup_stm32l053xx.o
    0x200044b0        -       0x00000400   Zero   RW         3632    STACK               startup_stm32l053xx.o


==============================================================================

Image component sizes


      Code (inc. data)   RO Data    RW Data    ZI Data      Debug   Object Name

       212          4          0          0          0       2272   bayesfunctions.o
       210         24         36          4        520       3460   blinky.o
        60          4          0          0          0       2355   buttons_nucleo_l053r8.o
      1154         64         24          0       1192      10254   eventrecorder.o
       164          8          0          0          0        640   irq_cm0.o
        64          0          0          0          0       2600   led_nucleo_l053r8.o
       516         64         60          0         44       6973   main_1.o
       110          4          0          0          1       3443   os_systick.o
         4          0          0          0          0        820   rtx_config.o
       130          4          0          0          0       4400   rtx_delay.o
      1296        204          0          0          0      40635   rtx_evr.o
       794         44         11        164          0      16647   rtx_kernel.o
       120         12        260         24      14901       8137   rtx_lib.o
       428          0          0          0          0       2747   rtx_memory.o
       226          0          0          0          0      14868   rtx_mempool.o
      2086         36          0          0          0      18036   rtx_msgqueue.o
       170          0          0          0          0      10075   rtx_mutex.o
       460         40          0          0          0       6058   rtx_system.o
      2838        112          0          0          0      32709   rtx_thread.o
       258         16          0          0          0      10878   rtx_timer.o
        56         26        192          0       1536        872   startup_stm32l053xx.o
        86          0          0          0          0      16269   statisticsfunctions.o
       120          8          0          0          0       6829   stm32l0xx_hal.o
       144         12          0          0          0       7208   stm32l0xx_hal_cortex.o
       438         20          0          0          0       5268   stm32l0xx_hal_gpio.o
       104          8          0          0          0       3306   stm32l0xx_hal_msp.o
      1900         84          0          0          0       8493   stm32l0xx_hal_rcc.o
       488          8          0          0          0       8335   stm32l0xx_hal_rcc_ex.o
       140          0          0          0          0       4546   stm32l0xx_hal_rng.o
         4          0          0          0          0        605   stm32l0xx_it.o
       228         40         25          4          0       2714   system_stm32l0xx.o

    ----------------------------------------------------------------------
     15032        846        644        196      18316     262452   Object Totals
         0          0         32          0          0          0   (incl. Generated)
        24          0          4          0        122          0   (incl. Padding)

    ----------------------------------------------------------------------

      Code (inc. data)   RO Data    RW Data    ZI Data      Debug   Library Member Name

         8          0          0          0          0         68   __main.o
         0          0          0          0          0          0   __rtentry.o
        20          0          0          0          0          0   __rtentry2.o
         6          0          0          0          0          0   __rtentry4.o
        60          8          0          0          0          0   __scatter.o
        26          0          0          0          0          0   __scatter_copy.o
        28          0          0          0          0          0   __scatter_zi.o
        22          0          0          0          0         92   _rserrno.o
       494          0          0          0          0         92   aeabi_sdivfast.o
        16          0          0          0          0         68   exit.o
         6          0          0          0          0        136   heapauxi.o
         0          0          0          0          0          0   indicate_semi.o
         2          0          0          0          0          0   libinit.o
         2          0          0          0          0          0   libinit2.o
         2          0          0          0          0          0   libshutdown.o
         2          0          0          0          0          0   libshutdown2.o
         8          4          0          0         96         68   libspace.o
         8          0          0          0          0         76   rt_errno_addr_twolibspace.o
        64          0          0          0          0        108   rt_memclr.o
       186          0          0          0          0        144   rt_memcpy.o
         2          0          0          0          0          0   rtexit.o
        10          0          0          0          0          0   rtexit2.o
        12          4          0          0          0         60   sys_exit.o
        62          0          0          0          0         80   sys_stackheap_outer.o
         2          0          0          0          0         68   use_no_semi.o
        46          0          0          0          0         60   cmpret.o
       124          4          0          0          0         72   d2f.o
        88          0          0          0          0         92   dflti.o
       584         26          0          0          0         84   dmul.o
       348          8          0          0          0        160   faddsub.o
        22          0          0          0          0         68   fcmp.o
       100          4          0          0          0         68   fcmpin.o
       352         10         64          0          0         92   fdiv.o
        94          0          0          0          0         92   fflti.o
        84          4          0          0          0         76   flef.o
       176          4          0          0          0         80   fmul.o
        16          6          0          0          0         68   fnan2.o
        68          4          0          0          0         68   fscalbn.o
        94          0          0          0          0         68   retnan.o
         0          0          0          0          0          0   usenofp.o
        36          0          0          0          0        204   funder.o
       380         42         64          0          0         76   logf.o

    ----------------------------------------------------------------------
      3668        128        128          0         96       2488   Library Totals
         8          0          0          0          0          0   (incl. Padding)

    ----------------------------------------------------------------------

      Code (inc. data)   RO Data    RW Data    ZI Data      Debug   Library Name

      1048         16          0          0         96       1060   c_p.l
      2196         70         64          0          0       1148   fz_ps.l
       416         42         64          0          0        280   m_ps.l

    ----------------------------------------------------------------------
      3668        128        128          0         96       2488   Library Totals

    ----------------------------------------------------------------------

==============================================================================


      Code (inc. data)   RO Data    RW Data    ZI Data      Debug   

     18700        974        772        196      18412     263192   Grand Totals
     18700        974        772        196      18412     263192   ELF Image Totals
     18700        974        772        196          0          0   ROM Totals

==============================================================================

    Total RO  Size (Code + RO Data)                19472 (  19.02kB)
    Total RW  Size (RW Data + ZI Data)             18608 (  18.17kB)
    Total ROM Size (Code + RO Data + RW Data)      19668 (  19.21kB)

==============================================================================

